main.c:92:1:__io_putchar	16	static
main.c:97:6:tests_run	8	static
main.c:125:5:main	8	static
main.c:226:6:SystemClock_Config	88	static
main.c:265:13:MX_ADC1_Init	24	static
main.c:323:13:MX_ADC2_Init	24	static
main.c:373:13:MX_I2C3_Init	8	static
main.c:407:13:MX_TIM1_Init	80	static
main.c:471:13:MX_TIM2_Init	56	static
main.c:520:13:MX_TIM3_Init	48	static
main.c:573:13:MX_TIM4_Init	48	static
main.c:626:13:MX_TIM5_Init	56	static
main.c:675:13:MX_TIM14_Init	8	static
main.c:706:13:MX_USART1_UART_Init	8	static
main.c:737:13:MX_DMA_Init	16	static
main.c:755:13:MX_GPIO_Init	48	static
main.c:842:6:Error_Handler	4	static
