main.c:82:1:__io_putchar	16	static
main.c:87:6:tests_run	8	static
main.c:111:5:main	8	static
main.c:213:6:SystemClock_Config	88	static
main.c:252:13:MX_I2C3_Init	8	static
main.c:286:13:MX_TIM1_Init	80	static
main.c:350:13:MX_TIM2_Init	56	static
main.c:399:13:MX_TIM3_Init	48	static
main.c:452:13:MX_TIM4_Init	48	static
main.c:505:13:MX_TIM5_Init	56	static
main.c:554:13:MX_TIM14_Init	8	static
main.c:585:13:MX_USART1_UART_Init	8	static
main.c:618:13:MX_GPIO_Init	40	static
main.c:683:6:Error_Handler	4	static
