stm32f4xx_it.c:77:6:NMI_Handler	4	static
stm32f4xx_it.c:90:6:HardFault_Handler	4	static
stm32f4xx_it.c:105:6:MemManage_Handler	4	static
stm32f4xx_it.c:120:6:BusFault_Handler	4	static
stm32f4xx_it.c:135:6:UsageFault_Handler	4	static
stm32f4xx_it.c:150:6:SVC_Handler	4	static
stm32f4xx_it.c:163:6:DebugMon_Handler	4	static
stm32f4xx_it.c:176:6:PendSV_Handler	4	static
stm32f4xx_it.c:189:6:SysTick_Handler	8	static
stm32f4xx_it.c:210:6:EXTI2_IRQHandler	8	static
stm32f4xx_it.c:231:6:EXTI3_IRQHandler	8	static
stm32f4xx_it.c:252:6:EXTI15_10_IRQHandler	8	static
stm32f4xx_it.c:273:6:TIM8_TRG_COM_TIM14_IRQHandler	8	static
stm32f4xx_it.c:293:6:DMA2_Stream0_IRQHandler	8	static
