oled.c:84:6:init_oled	16	static
oled.c:157:6:oled_update	8	static
oled.c:184:6:oled_info_screen	72	static
oled.c:207:6:oled_edit_var_screen	24	static
oled.c:237:6:oled_error	16	static
oled.c:258:6:oled_clear_error	8	static
oled.c:268:9:oled_nr_items	24	static
oled.c:295:6:oled_menu	48	static
oled.c:356:6:go_back_main	4	static
oled.c:368:6:oled_button_press	24	static
oled.c:412:6:oled_show_case	4	static
oled.c:416:6:oled_show_cats	4	static
oled.c:420:6:oled_show_info	4	static
oled.c:423:6:oled_edit_var	16	static
