oled.c:102:9:oled_nr_items	24	static
oled.c:131:5:get_edited_val	16	static
oled.c:142:6:init_oled	16	static
oled.c:220:6:oled_update	8	static
oled.c:261:6:oled_error	16	static
oled.c:271:6:oled_clear_error	8	static
oled.c:278:6:oled_button_press	4	static
oled.c:287:6:oled_button_check	32	static
oled.c:343:6:oled_menu_screen	48	static
oled.c:398:6:oled_info_screen	88	static
oled.c:435:6:oled_error_screen	8	static
oled.c:455:6:oled_message_screen	8	static
oled.c:466:6:oled_edit_var_screen	24	static
oled.c:483:6:oled_run_line_follower_screen	32	static
oled.c:512:6:oled_not_implemented_screen	8	static
oled.c:533:6:go_back_main	16	static
oled.c:543:6:oled_show_case	16	static
oled.c:554:6:oled_show_cats	16	static
oled.c:565:6:oled_show_info	16	static
oled.c:575:6:oled_edit_var	16	static
oled.c:581:6:oled_run_tests	16	static
oled.c:589:6:oled_calibrate_xline	16	static
oled.c:597:6:oled_run_line_follow	16	static
