Archive member included to satisfy reference by file (symbol)

c:/st/stm32cubeide_1.3.0/stm32cubeide/plugins/com.st.stm32cube.ide.mcu.externaltools.gnu-tools-for-stm32.7-2018-q2-update.win32_1.0.0.201904181610/tools/bin/../lib/gcc/arm-none-eabi/7.3.1/../../../../arm-none-eabi/lib/thumb/v7e-m/fpv4-sp/hard\libc_nano.a(lib_a-errno.o)
                              Core/Src/syscalls.o (__errno)
c:/st/stm32cubeide_1.3.0/stm32cubeide/plugins/com.st.stm32cube.ide.mcu.externaltools.gnu-tools-for-stm32.7-2018-q2-update.win32_1.0.0.201904181610/tools/bin/../lib/gcc/arm-none-eabi/7.3.1/../../../../arm-none-eabi/lib/thumb/v7e-m/fpv4-sp/hard\libc_nano.a(lib_a-exit.o)
                              c:/st/stm32cubeide_1.3.0/stm32cubeide/plugins/com.st.stm32cube.ide.mcu.externaltools.gnu-tools-for-stm32.7-2018-q2-update.win32_1.0.0.201904181610/tools/bin/../lib/gcc/arm-none-eabi/7.3.1/../../../../arm-none-eabi/lib/thumb/v7e-m/fpv4-sp/hard/crt0.o (exit)
c:/st/stm32cubeide_1.3.0/stm32cubeide/plugins/com.st.stm32cube.ide.mcu.externaltools.gnu-tools-for-stm32.7-2018-q2-update.win32_1.0.0.201904181610/tools/bin/../lib/gcc/arm-none-eabi/7.3.1/../../../../arm-none-eabi/lib/thumb/v7e-m/fpv4-sp/hard\libc_nano.a(lib_a-impure.o)
                              c:/st/stm32cubeide_1.3.0/stm32cubeide/plugins/com.st.stm32cube.ide.mcu.externaltools.gnu-tools-for-stm32.7-2018-q2-update.win32_1.0.0.201904181610/tools/bin/../lib/gcc/arm-none-eabi/7.3.1/../../../../arm-none-eabi/lib/thumb/v7e-m/fpv4-sp/hard\libc_nano.a(lib_a-exit.o) (_global_impure_ptr)
c:/st/stm32cubeide_1.3.0/stm32cubeide/plugins/com.st.stm32cube.ide.mcu.externaltools.gnu-tools-for-stm32.7-2018-q2-update.win32_1.0.0.201904181610/tools/bin/../lib/gcc/arm-none-eabi/7.3.1/../../../../arm-none-eabi/lib/thumb/v7e-m/fpv4-sp/hard\libc_nano.a(lib_a-init.o)
                              c:/st/stm32cubeide_1.3.0/stm32cubeide/plugins/com.st.stm32cube.ide.mcu.externaltools.gnu-tools-for-stm32.7-2018-q2-update.win32_1.0.0.201904181610/tools/bin/../lib/gcc/arm-none-eabi/7.3.1/../../../../arm-none-eabi/lib/thumb/v7e-m/fpv4-sp/hard/crt0.o (__libc_init_array)
c:/st/stm32cubeide_1.3.0/stm32cubeide/plugins/com.st.stm32cube.ide.mcu.externaltools.gnu-tools-for-stm32.7-2018-q2-update.win32_1.0.0.201904181610/tools/bin/../lib/gcc/arm-none-eabi/7.3.1/../../../../arm-none-eabi/lib/thumb/v7e-m/fpv4-sp/hard\libc_nano.a(lib_a-memset.o)
                              c:/st/stm32cubeide_1.3.0/stm32cubeide/plugins/com.st.stm32cube.ide.mcu.externaltools.gnu-tools-for-stm32.7-2018-q2-update.win32_1.0.0.201904181610/tools/bin/../lib/gcc/arm-none-eabi/7.3.1/../../../../arm-none-eabi/lib/thumb/v7e-m/fpv4-sp/hard/crt0.o (memset)
c:/st/stm32cubeide_1.3.0/stm32cubeide/plugins/com.st.stm32cube.ide.mcu.externaltools.gnu-tools-for-stm32.7-2018-q2-update.win32_1.0.0.201904181610/tools/bin/../lib/gcc/arm-none-eabi/7.3.1/../../../../arm-none-eabi/lib/thumb/v7e-m/fpv4-sp/hard\libc_nano.a(lib_a-nano-vfprintf_float.o)
                              (_printf_float)
c:/st/stm32cubeide_1.3.0/stm32cubeide/plugins/com.st.stm32cube.ide.mcu.externaltools.gnu-tools-for-stm32.7-2018-q2-update.win32_1.0.0.201904181610/tools/bin/../lib/gcc/arm-none-eabi/7.3.1/../../../../arm-none-eabi/lib/thumb/v7e-m/fpv4-sp/hard\libc_nano.a(lib_a-nano-vfprintf_i.o)
                              c:/st/stm32cubeide_1.3.0/stm32cubeide/plugins/com.st.stm32cube.ide.mcu.externaltools.gnu-tools-for-stm32.7-2018-q2-update.win32_1.0.0.201904181610/tools/bin/../lib/gcc/arm-none-eabi/7.3.1/../../../../arm-none-eabi/lib/thumb/v7e-m/fpv4-sp/hard\libc_nano.a(lib_a-nano-vfprintf_float.o) (_printf_common)
c:/st/stm32cubeide_1.3.0/stm32cubeide/plugins/com.st.stm32cube.ide.mcu.externaltools.gnu-tools-for-stm32.7-2018-q2-update.win32_1.0.0.201904181610/tools/bin/../lib/gcc/arm-none-eabi/7.3.1/../../../../arm-none-eabi/lib/thumb/v7e-m/fpv4-sp/hard\libc_nano.a(lib_a-printf.o)
                              Core/Src/user/xline.o (printf)
c:/st/stm32cubeide_1.3.0/stm32cubeide/plugins/com.st.stm32cube.ide.mcu.externaltools.gnu-tools-for-stm32.7-2018-q2-update.win32_1.0.0.201904181610/tools/bin/../lib/gcc/arm-none-eabi/7.3.1/../../../../arm-none-eabi/lib/thumb/v7e-m/fpv4-sp/hard\libc_nano.a(lib_a-puts.o)
                              Core/Src/main.o (puts)
c:/st/stm32cubeide_1.3.0/stm32cubeide/plugins/com.st.stm32cube.ide.mcu.externaltools.gnu-tools-for-stm32.7-2018-q2-update.win32_1.0.0.201904181610/tools/bin/../lib/gcc/arm-none-eabi/7.3.1/../../../../arm-none-eabi/lib/thumb/v7e-m/fpv4-sp/hard\libc_nano.a(lib_a-snprintf.o)
                              Core/Src/user/oled.o (snprintf)
c:/st/stm32cubeide_1.3.0/stm32cubeide/plugins/com.st.stm32cube.ide.mcu.externaltools.gnu-tools-for-stm32.7-2018-q2-update.win32_1.0.0.201904181610/tools/bin/../lib/gcc/arm-none-eabi/7.3.1/../../../../arm-none-eabi/lib/thumb/v7e-m/fpv4-sp/hard\libc_nano.a(lib_a-strlen.o)
[...]
Memory Configuration

Name             Origin             Length             Attributes
CCMRAM           0x0000000010000000 0x0000000000010000 xrw
RAM              0x0000000020000000 0x0000000000020000 xrw
FLASH            0x0000000008000000 0x0000000000100000 xr
*default*        0x0000000000000000 0xffffffffffffffff

Linker script and memory map

LOAD c:/st/stm32cubeide_1.3.0/stm32cubeide/plugins/com.st.stm32cube.ide.mcu.externaltools.gnu-tools-for-stm32.7-2018-q2-update.win32_1.0.0.201904181610/tools/bin/../lib/gcc/arm-none-eabi/7.3.1/thumb/v7e-m/fpv4-sp/hard/crti.o
LOAD c:/st/stm32cubeide_1.3.0/stm32cubeide/plugins/com.st.stm32cube.ide.mcu.externaltools.gnu-tools-for-stm32.7-2018-q2-update.win32_1.0.0.201904181610/tools/bin/../lib/gcc/arm-none-eabi/7.3.1/thumb/v7e-m/fpv4-sp/hard/crtbegin.o
LOAD c:/st/stm32cubeide_1.3.0/stm32cubeide/plugins/com.st.stm32cube.ide.mcu.externaltools.gnu-tools-for-stm32.7-2018-q2-update.win32_1.0.0.201904181610/tools/bin/../lib/gcc/arm-none-eabi/7.3.1/../../../../arm-none-eabi/lib/thumb/v7e-m/fpv4-sp/hard/crt0.o
LOAD Core/Src/main.o
LOAD Core/Src/stm32f4xx_hal_msp.o
LOAD Core/Src/stm32f4xx_it.o
LOAD Core/Src/syscalls.o
LOAD Core/Src/sysmem.o
LOAD Core/Src/system_stm32f4xx.o
LOAD Core/Src/user/bitmaps.o
LOAD Core/Src/user/buzzer.o
LOAD Core/Src/user/control.o
LOAD Core/Src/user/fan.o
LOAD Core/Src/user/motor.o
LOAD Core/Src/user/oled.o
LOAD Core/Src/user/ssd1306.o
LOAD Core/Src/user/ssd1306_fonts.o
LOAD Core/Src/user/voltmeter.o
LOAD Core/Src/user/xline.o
LOAD Core/Startup/startup_stm32f405rgtx.o
LOAD Drivers/STM32F4xx_HAL_Driver/Src/stm32f4xx_hal.o
LOAD Drivers/STM32F4xx_HAL_Driver/Src/stm32f4xx_hal_adc.o
LOAD Drivers/STM32F4xx_HAL_Driver/Src/stm32f4xx_hal_adc_ex.o
LOAD Drivers/STM32F4xx_HAL_Driver/Src/stm32f4xx_hal_cortex.o
LOAD Drivers/STM32F4xx_HAL_Driver/Src/stm32f4xx_hal_dma.o
LOAD Drivers/STM32F4xx_HAL_Driver/Src/stm32f4xx_hal_dma_ex.o
LOAD Drivers/STM32F4xx_HAL_Driver/Src/stm32f4xx_hal_exti.o
LOAD Drivers/STM32F4xx_HAL_Driver/Src/stm32f4xx_hal_flash.o
LOAD Drivers/STM32F4xx_HAL_Driver/Src/stm32f4xx_hal_flash_ex.o
LOAD Drivers/STM32F4xx_HAL_Driver/Src/stm32f4xx_hal_flash_ramfunc.o
LOAD Drivers/STM32F4xx_HAL_Driver/Src/stm32f4xx_hal_gpio.o
LOAD Drivers/STM32F4xx_HAL_Driver/Src/stm32f4xx_hal_i2c.o
LOAD Drivers/STM32F4xx_HAL_Driver/Src/stm32f4xx_hal_i2c_ex.o
LOAD Drivers/STM32F4xx_HAL_Driver/Src/stm32f4xx_hal_pwr.o
LOAD Drivers/STM32F4xx_HAL_Driver/Src/stm32f4xx_hal_pwr_ex.o
LOAD Drivers/STM32F4xx_HAL_Driver/Src/stm32f4xx_hal_rcc.o
LOAD Drivers/STM32F4xx_HAL_Driver/Src/stm32f4xx_hal_rcc_ex.o
LOAD Drivers/STM32F4xx_HAL_Driver/Src/stm32f4xx_hal_tim.o
LOAD Drivers/STM32F4xx_HAL_Driver/Src/stm32f4xx_hal_tim_ex.o
LOAD Drivers/STM32F4xx_HAL_Driver/Src/stm32f4xx_hal_uart.o
START GROUP
LOAD c:/st/stm32cubeide_1.3.0/stm32cubeide/plugins/com.st.stm32cube.ide.mcu.externaltools.gnu-tools-for-stm32.7-2018-q2-update.win32_1.0.0.201904181610/tools/bin/../lib/gcc/arm-none-eabi/7.3.1/../../../../arm-none-eabi/lib/thumb/v7e-m/fpv4-sp/hard\libc_nano.a
LOAD c:/st/stm32cubeide_1.3.0/stm32cubeide/plugins/com.st.stm32cube.ide.mcu.externaltools.gnu-tools-for-stm32.7-2018-q2-update.win32_1.0.0.201904181610/tools/bin/../lib/gcc/arm-none-eabi/7.3.1/../../../../arm-none-eabi/lib/thumb/v7e-m/fpv4-sp/hard\libm.a
END GROUP
START GROUP
LOAD c:/st/stm32cubeide_1.3.0/stm32cubeide/plugins/com.st.stm32cube.ide.mcu.externaltools.gnu-tools-for-stm32.7-2018-q2-update.win32_1.0.0.201904181610/tools/bin/../lib/gcc/arm-none-eabi/7.3.1/thumb/v7e-m/fpv4-sp/hard\libgcc.a
LOAD c:/st/stm32cubeide_1.3.0/stm32cubeide/plugins/com.st.stm32cube.ide.mcu.externaltools.gnu-tools-for-stm32.7-2018-q2-update.win32_1.0.0.201904181610/tools/bin/../lib/gcc/arm-none-eabi/7.3.1/../../../../arm-none-eabi/lib/thumb/v7e-m/fpv4-sp/hard\libc_nano.a
END GROUP
START GROUP
LOAD c:/st/stm32cubeide_1.3.0/stm32cubeide/plugins/com.st.stm32cube.ide.mcu.externaltools.gnu-tools-for-stm32.7-2018-q2-update.win32_1.0.0.201904181610/tools/bin/../lib/gcc/arm-none-eabi/7.3.1/thumb/v7e-m/fpv4-sp/hard\libgcc.a
LOAD c:/st/stm32cubeide_1.3.0/stm32cubeide/plugins/com.st.stm32cube.ide.mcu.externaltools.gnu-tools-for-stm32.7-2018-q2-update.win32_1.0.0.201904181610/tools/bin/../lib/gcc/arm-none-eabi/7.3.1/../../../../arm-none-eabi/lib/thumb/v7e-m/fpv4-sp/hard\libc_nano.a
LOAD c:/st/stm32cubeide_1.3.0/stm32cubeide/plugins/com.st.stm32cube.ide.mcu.externaltools.gnu-tools-for-stm32.7-2018-q2-update.win32_1.0.0.201904181610/tools/bin/../lib/gcc/arm-none-eabi/7.3.1/../../../../arm-none-eabi/lib/thumb/v7e-m/fpv4-sp/hard\libnosys.a
END GROUP
START GROUP
LOAD c:/st/stm32cubeide_1.3.0/stm32cubeide/plugins/com.st.stm32cube.ide.mcu.externaltools.gnu-tools-for-stm32.7-2018-q2-update.win32_1.0.0.201904181610/tools/bin/../lib/gcc/arm-none-eabi/7.3.1/thumb/v7e-m/fpv4-sp/hard\libgcc.a
LOAD c:/st/stm32cubeide_1.3.0/stm32cubeide/plugins/com.st.stm32cube.ide.mcu.externaltools.gnu-tools-for-stm32.7-2018-q2-update.win32_1.0.0.201904181610/tools/bin/../lib/gcc/arm-none-eabi/7.3.1/../../../../arm-none-eabi/lib/thumb/v7e-m/fpv4-sp/hard\libc_nano.a
LOAD c:/st/stm32cubeide_1.3.0/stm32cubeide/plugins/com.st.stm32cube.ide.mcu.externaltools.gnu-tools-for-stm32.7-2018-q2-update.win32_1.0.0.201904181610/tools/bin/../lib/gcc/arm-none-eabi/7.3.1/../../../../arm-none-eabi/lib/thumb/v7e-m/fpv4-sp/hard\libnosys.a
END GROUP
LOAD c:/st/stm32cubeide_1.3.0/stm32cubeide/plugins/com.st.stm32cube.ide.mcu.externaltools.gnu-tools-for-stm32.7-2018-q2-update.win32_1.0.0.201904181610/tools/bin/../lib/gcc/arm-none-eabi/7.3.1/thumb/v7e-m/fpv4-sp/hard/crtend.o
LOAD c:/st/stm32cubeide_1.3.0/stm32cubeide/plugins/com.st.stm32cube.ide.mcu.externaltools.gnu-tools-for-stm32.7-2018-q2-update.win32_1.0.0.201904181610/tools/bin/../lib/gcc/arm-none-eabi/7.3.1/thumb/v7e-m/fpv4-sp/hard/crtn.o
                0x0000000020020000                _estack = (ORIGIN (RAM) + LENGTH (RAM))
                0x0000000000000200                _Min_Heap_Size = 0x200
                0x0000000000000400                _Min_Stack_Size = 0x400

.isr_vector     0x0000000008000000      0x188
                0x0000000008000000                . = ALIGN (0x4)
 *(.isr_vector)
 .isr_vector    0x0000000008000000      0x188 Core/Startup/startup_stm32f405rgtx.o
                0x0000000008000000                g_pfnVectors
                0x0000000008000188                . = ALIGN (0x4)

.text           0x0000000008000190     0xa948
                0x0000000008000190                . = ALIGN (0x4)
 *(.text)
 .text          0x0000000008000190       0x40 c:/st/stm32cubeide_1.3.0/stm32cubeide/plugins/com.st.stm32cube.ide.mcu.externaltools.gnu-tools-for-stm32.7-2018-q2-update.win32_1.0.0.201904181610/tools/bin/../lib/gcc/arm-none-eabi/7.3.1/thumb/v7e-m/fpv4-sp/hard/crtbegin.o
 .text          0x00000000080001d0       0x10 c:/st/stm32cubeide_1.3.0/stm32cubeide/plugins/com.st.stm32cube.ide.mcu.externaltools.gnu-tools-for-stm32.7-2018-q2-update.win32_1.0.0.201904181610/tools/bin/../lib/gcc/arm-none-eabi/7.3.1/../../../../arm-none-eabi/lib/thumb/v7e-m/fpv4-sp/hard\libc_nano.a(lib_a-strlen.o)
                0x00000000080001d0                strlen
 .text          0x00000000080001e0       0xa0 c:/st/stm32cubeide_1.3.0/stm32cubeide/plugins/com.st.stm32cube.ide.mcu.externaltools.gnu-tools-for-stm32.7-2018-q2-update.win32_1.0.0.201904181610/tools/bin/../lib/gcc/arm-none-eabi/7.3.1/../../../../arm-none-eabi/lib/thumb/v7e-m/fpv4-sp/hard\libc_nano.a(lib_a-memchr.o)
                0x00000000080001e0                memchr
 .text          0x0000000008000280      0x378 c:/st/stm32cubeide_1.3.0/stm32cubeide/plugins/com.st.stm32cube.ide.mcu.externaltools.gnu-tools-for-stm32.7-2018-q2-update.win32_1.0.0.201904181610/tools/bin/../lib/gcc/arm-none-eabi/7.3.1/thumb/v7e-m/fpv4-sp/hard\libgcc.a(_arm_addsubdf3.o)
                0x0000000008000280                __aeabi_drsub
                0x0000000008000288                __aeabi_dsub
                0x0000000008000288                __subdf3
                0x000000000800028c                __aeabi_dadd
                0x000000000800028c                __adddf3
                0x0000000008000504                __floatunsidf
                0x0000000008000504                __aeabi_ui2d
                0x0000000008000524                __floatsidf
                0x0000000008000524                __aeabi_i2d
                0x0000000008000548                __aeabi_f2d
                0x0000000008000548                __extendsfdf2
                0x000000000800058c                __floatundidf
                0x000000000800058c                __aeabi_ul2d
                0x000000000800059c                __floatdidf
                0x000000000800059c                __aeabi_l2d
 .text          0x00000000080005f8      0x424 c:/st/stm32cubeide_1.3.0/stm32cubeide/plugins/com.st.stm32cube.ide.mcu.externaltools.gnu-tools-for-stm32.7-2018-q2-update.win32_1.0.0.201904181610/tools/bin/../lib/gcc/arm-none-eabi/7.3.1/thumb/v7e-m/fpv4-sp/hard\libgcc.a(_arm_muldivdf3.o)
                0x00000000080005f8                __aeabi_dmul
                0x00000000080005f8                __muldf3
                0x000000000800084c                __divdf3
                0x000000000800084c                __aeabi_ddiv
 .text          0x0000000008000a1c      0x110 c:/st/stm32cubeide_1.3.0/stm32cubeide/plugins/com.st.stm32cube.ide.mcu.externaltools.gnu-tools-for-stm32.7-2018-q2-update.win32_1.0.0.201904181610/tools/bin/../lib/gcc/arm-none-eabi/7.3.1/thumb/v7e-m/fpv4-sp/hard\libgcc.a(_arm_cmpdf2.o)
                0x0000000008000a1c                __gtdf2
                0x0000000008000a1c                __gedf2
                0x0000000008000a24                __ltdf2
                0x0000000008000a24                __ledf2
                0x0000000008000a2c                __nedf2
                0x0000000008000a2c                __eqdf2
                0x0000000008000a2c                __cmpdf2
                0x0000000008000aa8                __aeabi_cdrcmple
                0x0000000008000ab8                __aeabi_cdcmpeq
                0x0000000008000ab8                __aeabi_cdcmple
                0x0000000008000ac8                __aeabi_dcmpeq
                0x0000000008000adc                __aeabi_dcmplt
                0x0000000008000af0                __aeabi_dcmple
                0x0000000008000b04                __aeabi_dcmpge
                0x0000000008000b18                __aeabi_dcmpgt
 .text          0x0000000008000b2c       0x2c c:/st/stm32cubeide_1.3.0/stm32cubeide/plugins/com.st.stm32cube.ide.mcu.externaltools.gnu-tools-for-stm32.7-2018-q2-update.win32_1.0.0.201904181610/tools/bin/../lib/gcc/arm-none-eabi/7.3.1/thumb/v7e-m/fpv4-sp/hard\libgcc.a(_arm_unorddf2.o)
                0x0000000008000b2c                __unorddf2
                0x0000000008000b2c                __aeabi_dcmpun
 .text          0x0000000008000b58       0x50 c:/st/stm32cubeide_1.3.0/stm32cubeide/plugins/com.st.stm32cube.ide.mcu.externaltools.gnu-tools-for-stm32.7-2018-q2-update.win32_1.0.0.201904181610/tools/bin/../lib/gcc/arm-none-eabi/7.3.1/thumb/v7e-m/fpv4-sp/hard\libgcc.a(_arm_fixdfsi.o)
                0x0000000008000b58                __aeabi_d2iz
                0x0000000008000b58                __fixdfsi
 .text          0x0000000008000ba8       0x30 c:/st/stm32cubeide_1.3.0/stm32cubeide/plugins/com.st.stm32cube.ide.mcu.externaltools.gnu-tools-for-stm32.7-2018-q2-update.win32_1.0.0.201904181610/tools/bin/../lib/gcc/arm-none-eabi/7.3.1/thumb/v7e-m/fpv4-sp/hard\libgcc.a(_aeabi_uldivmod.o)
                0x0000000008000ba8                __aeabi_uldivmod
 .text          0x0000000008000bd8      0x2cc c:/st/stm32cubeide_1.3.0/stm32cubeide/plugins/com.st.stm32cube.ide.mcu.externaltools.gnu-tools-for-stm32.7-2018-q2-update.win32_1.0.0.201904181610/tools/bin/../lib/gcc/arm-none-eabi/7.3.1/thumb/v7e-m/fpv4-sp/hard\libgcc.a(_udivmoddi4.o)
                0x0000000008000bd8                __udivmoddi4
 .text          0x0000000008000ea4        0x4 c:/st/stm32cubeide_1.3.0/stm32cubeide/plugins/com.st.stm32cube.ide.mcu.externaltools.gnu-tools-for-stm32.7-2018-q2-update.win32_1.0.0.201904181610/tools/bin/../lib/gcc/arm-none-eabi/7.3.1/thumb/v7e-m/fpv4-sp/hard\libgcc.a(_dvmd_tls.o)
                0x0000000008000ea4                __aeabi_idiv0
                0x0000000008000ea4                __aeabi_ldiv0
 *(.text*)
 .text.__io_putchar
                0x0000000008000ea8       0x24 Core/Src/main.o
                0x0000000008000ea8                __io_putchar
 .text.tests_run
                0x0000000008000ecc       0x54 Core/Src/main.o
                0x0000000008000ecc                tests_run
 .text.main     0x0000000008000f20      0x13c Core/Src/main.o
                0x0000000008000f20                main
 .text.SystemClock_Config
                0x000000000800105c       0xbc Core/Src/main.o
                0x000000000800105c                SystemClock_Config
 .text.MX_ADC1_Init
                0x0000000008001118       0xc4 Core/Src/main.o
 .text.MX_ADC2_Init
                0x00000000080011dc       0xa8 Core/Src/main.o
 .text.MX_I2C3_Init
                0x0000000008001284       0x5c Core/Src/main.o
 .text.MX_TIM1_Init
                0x00000000080012e0      0x104 Core/Src/main.o
 .text.MX_TIM2_Init
                0x00000000080013e4       0xa8 Core/Src/main.o
 .text.MX_TIM3_Init
                0x000000000800148c       0xc8 Core/Src/main.o
 .text.MX_TIM4_Init
                0x0000000008001554       0xc8 Core/Src/main.o
 .text.MX_TIM5_Init
                0x000000000800161c       0xa8 Core/Src/main.o
 .text.MX_TIM14_Init
                0x00000000080016c4       0x48 Core/Src/main.o
 .text.MX_USART1_UART_Init
                0x000000000800170c       0x54 Core/Src/main.o
 .text.MX_DMA_Init
                0x0000000008001760       0x40 Core/Src/main.o
 .text.MX_GPIO_Init
                0x00000000080017a0      0x1b8 Core/Src/main.o
 .text.Error_Handler
                0x0000000008001958        0xe Core/Src/main.o
                0x0000000008001958                Error_Handler
 *fill*         0x0000000008001966        0x2 
 .text.HAL_MspInit
                0x0000000008001968       0x50 Core/Src/stm32f4xx_hal_msp.o
                0x0000000008001968                HAL_MspInit
 .text.HAL_ADC_MspInit
                0x00000000080019b8      0x150 Core/Src/stm32f4xx_hal_msp.o
                0x00000000080019b8                HAL_ADC_MspInit
 .text.HAL_I2C_MspInit
                0x0000000008001b08       0xd4 Core/Src/stm32f4xx_hal_msp.o
                0x0000000008001b08                HAL_I2C_MspInit
 .text.HAL_TIM_PWM_MspInit
                0x0000000008001bdc       0x9c Core/Src/stm32f4xx_hal_msp.o
                0x0000000008001bdc                HAL_TIM_PWM_MspInit
 .text.HAL_TIM_Encoder_MspInit
                0x0000000008001c78      0x134 Core/Src/stm32f4xx_hal_msp.o
                0x0000000008001c78                HAL_TIM_Encoder_MspInit
 .text.HAL_TIM_Base_MspInit
                0x0000000008001dac       0x50 Core/Src/stm32f4xx_hal_msp.o
                0x0000000008001dac                HAL_TIM_Base_MspInit
 .text.HAL_TIM_MspPostInit
                0x0000000008001dfc      0x118 Core/Src/stm32f4xx_hal_msp.o
                0x0000000008001dfc                HAL_TIM_MspPostInit
 .text.HAL_UART_MspInit
                0x0000000008001f14       0x90 Core/Src/stm32f4xx_hal_msp.o
                0x0000000008001f14                HAL_UART_MspInit
 .text.NMI_Handler
                0x0000000008001fa4        0xe Core/Src/stm32f4xx_it.o
                0x0000000008001fa4                NMI_Handler
 .text.HardFault_Handler
                0x0000000008001fb2        0x6 Core/Src/stm32f4xx_it.o
                0x0000000008001fb2                HardFault_Handler
 .text.MemManage_Handler
                0x0000000008001fb8        0x6 Core/Src/stm32f4xx_it.o
                0x0000000008001fb8                MemManage_Handler
 .text.BusFault_Handler
                0x0000000008001fbe        0x6 Core/Src/stm32f4xx_it.o
                0x0000000008001fbe                BusFault_Handler
 .text.UsageFault_Handler
                0x0000000008001fc4        0x6 Core/Src/stm32f4xx_it.o
                0x0000000008001fc4                UsageFault_Handler
 .text.SVC_Handler
                0x0000000008001fca        0xe Core/Src/stm32f4xx_it.o
                0x0000000008001fca                SVC_Handler
 .text.DebugMon_Handler
                0x0000000008001fd8        0xe Core/Src/stm32f4xx_it.o
                0x0000000008001fd8                DebugMon_Handler
 .text.PendSV_Handler
                0x0000000008001fe6        0xe Core/Src/stm32f4xx_it.o
                0x0000000008001fe6                PendSV_Handler
 .text.SysTick_Handler
                0x0000000008001ff4        0xc Core/Src/stm32f4xx_it.o
                0x0000000008001ff4                SysTick_Handler
 .text.EXTI2_IRQHandler
                0x0000000008002000       0x34 Core/Src/stm32f4xx_it.o
                0x0000000008002000                EXTI2_IRQHandler
 .text.EXTI3_IRQHandler
                0x0000000008002034       0x2c Core/Src/stm32f4xx_it.o
                0x0000000008002034                EXTI3_IRQHandler
 .text.EXTI15_10_IRQHandler
                0x0000000008002060       0x38 Core/Src/stm32f4xx_it.o
                0x0000000008002060                EXTI15_10_IRQHandler
 .text.TIM8_TRG_COM_TIM14_IRQHandler
                0x0000000008002098       0x48 Core/Src/stm32f4xx_it.o
                0x0000000008002098                TIM8_TRG_COM_TIM14_IRQHandler
 .text.DMA2_Stream0_IRQHandler
                0x00000000080020e0       0x14 Core/Src/stm32f4xx_it.o
                0x00000000080020e0                DMA2_Stream0_IRQHandler
 .text._read    0x00000000080020f4       0x3a Core/Src/syscalls.o
                0x00000000080020f4                _read
 .text._write   0x000000000800212e       0x38 Core/Src/syscalls.o
                0x000000000800212e                _write
 .text._close   0x0000000008002166       0x18 Core/Src/syscalls.o
                0x0000000008002166                _close
 .text._fstat   0x000000000800217e       0x20 Core/Src/syscalls.o
                0x000000000800217e                _fstat
 .text._isatty  0x000000000800219e       0x16 Core/Src/syscalls.o
                0x000000000800219e                _isatty
 .text._lseek   0x00000000080021b4       0x1a Core/Src/syscalls.o
                0x00000000080021b4                _lseek
 *fill*         0x00000000080021ce        0x2 
 .text._sbrk    0x00000000080021d0       0x58 Core/Src/sysmem.o
                0x00000000080021d0                _sbrk
 .text.SystemInit
                0x0000000008002228       0x2c Core/Src/system_stm32f4xx.o
                0x0000000008002228                SystemInit
 .text.init_buzzer
                0x0000000008002254       0x14 Core/Src/user/buzzer.o
                0x0000000008002254                init_buzzer
 .text.beep     0x0000000008002268       0x40 Core/Src/user/buzzer.o
                0x0000000008002268                beep
 .text.tone     0x00000000080022a8       0x50 Core/Src/user/buzzer.o
                0x00000000080022a8                tone
 .text.test_buzzer
                0x00000000080022f8       0x28 Core/Src/user/buzzer.o
                0x00000000080022f8                test_buzzer
 .text.control_loop_enable
                0x0000000008002320       0x18 Core/Src/user/control.o
                0x0000000008002320                control_loop_enable
 .text.control_loop_disable
                0x0000000008002338       0x18 Core/Src/user/control.o
                0x0000000008002338                control_loop_disable
 .text.control_loop
                0x0000000008002350       0x68 Core/Src/user/control.o
                0x0000000008002350                control_loop
 .text.init_fans
                0x00000000080023b8       0x54 Core/Src/user/fan.o
                0x00000000080023b8                init_fans
 .text.fans_enable
                0x000000000800240c       0x18 Core/Src/user/fan.o
                0x000000000800240c                fans_enable
 .text.fans_disable
                0x0000000008002424       0x20 Core/Src/user/fan.o
                0x0000000008002424                fans_disable
 .text.test_fan
                0x0000000008002444       0xe8 Core/Src/user/fan.o
                0x0000000008002444                test_fan
 .text.fan_limit_speed
                0x000000000800252c       0x2e Core/Src/user/fan.o
                0x000000000800252c                fan_limit_speed
 .text.fan_convert_speed
                0x000000000800255a       0x20 Core/Src/user/fan.o
                0x000000000800255a                fan_convert_speed
 *fill*         0x000000000800257a        0x2 
 .text.fan_r_set_speed
                0x000000000800257c       0x38 Core/Src/user/fan.o
                0x000000000800257c                fan_r_set_speed
 .text.fan_l_set_speed
                0x00000000080025b4       0x38 Core/Src/user/fan.o
                0x00000000080025b4                fan_l_set_speed
 .text.init_motors
                0x00000000080025ec       0x38 Core/Src/user/motor.o
                0x00000000080025ec                init_motors
 .text.limit_speed
                0x0000000008002624       0x38 Core/Src/user/motor.o
                0x0000000008002624                limit_speed
 .text.motor_l_set_speed
                0x000000000800265c       0x5c Core/Src/user/motor.o
                0x000000000800265c                motor_l_set_speed
 .text.motor_r_set_speed
                0x00000000080026b8       0x5c Core/Src/user/motor.o
                0x00000000080026b8                motor_r_set_speed
 .text.motors_stop
                0x0000000008002714       0x44 Core/Src/user/motor.o
                0x0000000008002714                motors_stop
 .text.test_motors
                0x0000000008002758       0xe0 Core/Src/user/motor.o
                0x0000000008002758                test_motors
 .text.oled_nr_items
                0x0000000008002838       0x60 Core/Src/user/oled.o
                0x0000000008002838                oled_nr_items
 .text.get_edited_val
                0x0000000008002898       0x50 Core/Src/user/oled.o
                0x0000000008002898                get_edited_val
 .text.init_oled
                0x00000000080028e8      0x1fc Core/Src/user/oled.o
                0x00000000080028e8                init_oled
 .text.oled_update
                0x0000000008002ae4       0xb4 Core/Src/user/oled.o
                0x0000000008002ae4                oled_update
 .text.oled_clear_error
                0x0000000008002b98       0x28 Core/Src/user/oled.o
                0x0000000008002b98                oled_clear_error
 .text.oled_button_press
                0x0000000008002bc0       0x18 Core/Src/user/oled.o
                0x0000000008002bc0                oled_button_press
 .text.oled_button_check
                0x0000000008002bd8      0x10c Core/Src/user/oled.o
                0x0000000008002bd8                oled_button_check
 .text.oled_menu_screen
                0x0000000008002ce4      0x1dc Core/Src/user/oled.o
                0x0000000008002ce4                oled_menu_screen
 .text.oled_info_screen
                0x0000000008002ec0      0x11c Core/Src/user/oled.o
                0x0000000008002ec0                oled_info_screen
 .text.oled_error_screen
                0x0000000008002fdc       0x88 Core/Src/user/oled.o
                0x0000000008002fdc                oled_error_screen
 .text.oled_message_screen
                0x0000000008003064       0x2c Core/Src/user/oled.o
                0x0000000008003064                oled_message_screen
 .text.oled_edit_var_screen
                0x0000000008003090       0x84 Core/Src/user/oled.o
                0x0000000008003090                oled_edit_var_screen
 .text.oled_run_line_follower_screen
                0x0000000008003114       0xc8 Core/Src/user/oled.o
                0x0000000008003114                oled_run_line_follower_screen
 .text.oled_not_implemented_screen
                0x00000000080031dc       0x2c Core/Src/user/oled.o
                0x00000000080031dc                oled_not_implemented_screen
 .text.go_back_main
                0x0000000008003208       0x20 Core/Src/user/oled.o
                0x0000000008003208                go_back_main
 .text.oled_show_cats
                0x0000000008003228       0x2c Core/Src/user/oled.o
                0x0000000008003228                oled_show_cats
 .text.oled_show_info
                0x0000000008003254       0x20 Core/Src/user/oled.o
                0x0000000008003254                oled_show_info
 .text.oled_edit_var
                0x0000000008003274       0x28 Core/Src/user/oled.o
                0x0000000008003274                oled_edit_var
 .text.oled_run_tests
                0x000000000800329c       0x38 Core/Src/user/oled.o
                0x000000000800329c                oled_run_tests
 .text.oled_calibrate_xline
                0x00000000080032d4       0x38 Core/Src/user/oled.o
                0x00000000080032d4                oled_calibrate_xline
 .text.oled_run_line_follow
                0x000000000800330c       0x20 Core/Src/user/oled.o
                0x000000000800330c                oled_run_line_follow
 .text.ssd1306_Reset
                0x000000000800332c        0xe Core/Src/user/ssd1306.o
                0x000000000800332c                ssd1306_Reset
 *fill*         0x000000000800333a        0x2 
 .text.ssd1306_WriteCommand
                0x000000000800333c       0x30 Core/Src/user/ssd1306.o
                0x000000000800333c                ssd1306_WriteCommand
 .text.ssd1306_WriteData
                0x000000000800336c       0x34 Core/Src/user/ssd1306.o
                0x000000000800336c                ssd1306_WriteData
 .text.ssd1306_Init
                0x00000000080033a0       0xdc Core/Src/user/ssd1306.o
                0x00000000080033a0                ssd1306_Init
 .text.ssd1306_Fill
                0x000000000800347c       0x44 Core/Src/user/ssd1306.o
                0x000000000800347c                ssd1306_Fill
 .text.ssd1306_UpdateScreen
                0x00000000080034c0       0x4c Core/Src/user/ssd1306.o
                0x00000000080034c0                ssd1306_UpdateScreen
 .text.ssd1306_DrawPixel
                0x000000000800350c       0xc0 Core/Src/user/ssd1306.o
                0x000000000800350c                ssd1306_DrawPixel
 .text.ssd1306_DrawBitmap
                0x00000000080035cc       0x8e Core/Src/user/ssd1306.o
                0x00000000080035cc                ssd1306_DrawBitmap
 *fill*         0x000000000800365a        0x2 
 .text.ssd1306_WriteChar
                0x000000000800365c      0x100 Core/Src/user/ssd1306.o
                0x000000000800365c                ssd1306_WriteChar
 .text.ssd1306_WriteString
                0x000000000800375c       0x4c Core/Src/user/ssd1306.o
                0x000000000800375c                ssd1306_WriteString
 .text.ssd1306_SetCursor
                0x00000000080037a8       0x30 Core/Src/user/ssd1306.o
                0x00000000080037a8                ssd1306_SetCursor
 .text.init_voltmeter
                0x00000000080037d8       0x24 Core/Src/user/voltmeter.o
                0x00000000080037d8                init_voltmeter
 .text.adc_average
                0x00000000080037fc       0x4c Core/Src/user/voltmeter.o
                0x00000000080037fc                adc_average
 .text.adc_to_voltage
                0x0000000008003848       0x64 Core/Src/user/voltmeter.o
                0x0000000008003848                adc_to_voltage
 .text.GET_voltage_battery
                0x00000000080038ac       0x24 Core/Src/user/voltmeter.o
                0x00000000080038ac                GET_voltage_battery
 .text.GET_voltage_boost
                0x00000000080038d0       0x24 Core/Src/user/voltmeter.o
                0x00000000080038d0                GET_voltage_boost
 .text.init_xline
                0x00000000080038f4        0xc Core/Src/user/xline.o
                0x00000000080038f4                init_xline
 .text.xline_calibrate
                0x0000000008003900      0x178 Core/Src/user/xline.o
                0x0000000008003900                xline_calibrate
 .text.xline_calibration_sequence
                0x0000000008003a78       0x8c Core/Src/user/xline.o
                0x0000000008003a78                xline_calibration_sequence
 .text.xline_reset_calibration
                0x0000000008003b04       0x44 Core/Src/user/xline.o
                0x0000000008003b04                xline_reset_calibration
 .text.xline_read
                0x0000000008003b48       0x74 Core/Src/user/xline.o
                0x0000000008003b48                xline_read
 .text.xline_read_calibrated
                0x0000000008003bbc       0x98 Core/Src/user/xline.o
                0x0000000008003bbc                xline_read_calibrated
 .text.xline_read_line
                0x0000000008003c54       0xc8 Core/Src/user/xline.o
                0x0000000008003c54                xline_read_line
 .text.xline_mux_select
                0x0000000008003d1c       0x88 Core/Src/user/xline.o
                0x0000000008003d1c                xline_mux_select
 .text.Reset_Handler
                0x0000000008003da4       0x50 Core/Startup/startup_stm32f405rgtx.o
                0x0000000008003da4                Reset_Handler
 .text.Default_Handler
                0x0000000008003df4        0x2 Core/Startup/startup_stm32f405rgtx.o
                0x0000000008003df4                RTC_Alarm_IRQHandler
                0x0000000008003df4                HASH_RNG_IRQHandler
                0x0000000008003df4                TIM8_CC_IRQHandler
                0x0000000008003df4                TIM1_CC_IRQHandler
                0x0000000008003df4                DMA2_Stream5_IRQHandler
                0x0000000008003df4                DMA1_Stream5_IRQHandler
                0x0000000008003df4                PVD_IRQHandler
                0x0000000008003df4                SDIO_IRQHandler
                0x0000000008003df4                TAMP_STAMP_IRQHandler
                0x0000000008003df4                CAN2_RX1_IRQHandler
                0x0000000008003df4                TIM1_UP_TIM10_IRQHandler
                0x0000000008003df4                TIM8_UP_TIM13_IRQHandler
                0x0000000008003df4                I2C3_ER_IRQHandler
                0x0000000008003df4                EXTI0_IRQHandler
                0x0000000008003df4                I2C2_EV_IRQHandler
                0x0000000008003df4                DMA1_Stream2_IRQHandler
                0x0000000008003df4                CAN1_RX0_IRQHandler
                0x0000000008003df4                FPU_IRQHandler
                0x0000000008003df4                OTG_HS_WKUP_IRQHandler
                0x0000000008003df4                CAN2_SCE_IRQHandler
                0x0000000008003df4                DMA2_Stream2_IRQHandler
                0x0000000008003df4                SPI1_IRQHandler
                0x0000000008003df4                TIM6_DAC_IRQHandler
                0x0000000008003df4                TIM1_BRK_TIM9_IRQHandler
                0x0000000008003df4                CAN2_RX0_IRQHandler
                0x0000000008003df4                DMA2_Stream3_IRQHandler
                0x0000000008003df4                USART6_IRQHandler
                0x0000000008003df4                USART3_IRQHandler
                0x0000000008003df4                CAN1_RX1_IRQHandler
                0x0000000008003df4                UART5_IRQHandler
                0x0000000008003df4                TIM4_IRQHandler
                0x0000000008003df4                I2C1_EV_IRQHandler
                0x0000000008003df4                DMA1_Stream6_IRQHandler
                0x0000000008003df4                DMA1_Stream1_IRQHandler
                0x0000000008003df4                UART4_IRQHandler
                0x0000000008003df4                TIM3_IRQHandler
                0x0000000008003df4                RCC_IRQHandler
                0x0000000008003df4                TIM8_BRK_TIM12_IRQHandler
                0x0000000008003df4                Default_Handler
                0x0000000008003df4                ADC_IRQHandler
                0x0000000008003df4                DMA1_Stream7_IRQHandler
                0x0000000008003df4                TIM7_IRQHandler
                0x0000000008003df4                CAN2_TX_IRQHandler
                0x0000000008003df4                TIM5_IRQHandler
                0x0000000008003df4                DMA2_Stream7_IRQHandler
                0x0000000008003df4                I2C3_EV_IRQHandler
                0x0000000008003df4                EXTI9_5_IRQHandler
                0x0000000008003df4                RTC_WKUP_IRQHandler
                0x0000000008003df4                SPI2_IRQHandler
                0x0000000008003df4                OTG_HS_EP1_IN_IRQHandler
                0x0000000008003df4                DMA1_Stream0_IRQHandler
                0x0000000008003df4                CAN1_TX_IRQHandler
                0x0000000008003df4                EXTI4_IRQHandler
                0x0000000008003df4                FSMC_IRQHandler
                0x0000000008003df4                OTG_HS_EP1_OUT_IRQHandler
                0x0000000008003df4                WWDG_IRQHandler
                0x0000000008003df4                TIM2_IRQHandler
                0x0000000008003df4                OTG_FS_WKUP_IRQHandler
                0x0000000008003df4                TIM1_TRG_COM_TIM11_IRQHandler
                0x0000000008003df4                OTG_HS_IRQHandler
                0x0000000008003df4                EXTI1_IRQHandler
                0x0000000008003df4                USART2_IRQHandler
                0x0000000008003df4                I2C2_ER_IRQHandler
                0x0000000008003df4                DMA2_Stream1_IRQHandler
                0x0000000008003df4                CAN1_SCE_IRQHandler
                0x0000000008003df4                FLASH_IRQHandler
                0x0000000008003df4                DMA2_Stream4_IRQHandler
                0x0000000008003df4                USART1_IRQHandler
                0x0000000008003df4                OTG_FS_IRQHandler
                0x0000000008003df4                SPI3_IRQHandler
                0x0000000008003df4                DMA1_Stream4_IRQHandler
                0x0000000008003df4                I2C1_ER_IRQHandler
                0x0000000008003df4                DMA2_Stream6_IRQHandler
                0x0000000008003df4                DMA1_Stream3_IRQHandler
 *fill*         0x0000000008003df6        0x2 
 .text.HAL_Init
                0x0000000008003df8       0x44 Drivers/STM32F4xx_HAL_Driver/Src/stm32f4xx_hal.o
                0x0000000008003df8                HAL_Init
 .text.HAL_InitTick
                0x0000000008003e3c       0x60 Drivers/STM32F4xx_HAL_Driver/Src/stm32f4xx_hal.o
                0x0000000008003e3c                HAL_InitTick
 .text.HAL_IncTick
                0x0000000008003e9c       0x28 Drivers/STM32F4xx_HAL_Driver/Src/stm32f4xx_hal.o
                0x0000000008003e9c                HAL_IncTick
 .text.HAL_GetTick
                0x0000000008003ec4       0x18 Drivers/STM32F4xx_HAL_Driver/Src/stm32f4xx_hal.o
                0x0000000008003ec4                HAL_GetTick
 .text.HAL_Delay
                0x0000000008003edc       0x44 Drivers/STM32F4xx_HAL_Driver/Src/stm32f4xx_hal.o
                0x0000000008003edc                HAL_Delay
 .text.HAL_ADC_Init
                0x0000000008003f20       0x86 Drivers/STM32F4xx_HAL_Driver/Src/stm32f4xx_hal_adc.o
                0x0000000008003f20                HAL_ADC_Init
 *fill*         0x0000000008003fa6        0x2 
 .text.HAL_ADC_Start
                0x0000000008003fa8      0x18c Drivers/STM32F4xx_HAL_Driver/Src/stm32f4xx_hal_adc.o
                0x0000000008003fa8                HAL_ADC_Start
 .text.HAL_ADC_Stop
                0x0000000008004134       0x66 Drivers/STM32F4xx_HAL_Driver/Src/stm32f4xx_hal_adc.o
                0x0000000008004134                HAL_ADC_Stop
 .text.HAL_ADC_PollForConversion
                0x000000000800419a      0x108 Drivers/STM32F4xx_HAL_Driver/Src/stm32f4xx_hal_adc.o
                0x000000000800419a                HAL_ADC_PollForConversion
 *fill*         0x00000000080042a2        0x2 
 .text.HAL_ADC_Start_DMA
                0x00000000080042a4      0x1e4 Drivers/STM32F4xx_HAL_Driver/Src/stm32f4xx_hal_adc.o
                0x00000000080042a4                HAL_ADC_Start_DMA
 .text.HAL_ADC_GetValue
                0x0000000008004488       0x1a Drivers/STM32F4xx_HAL_Driver/Src/stm32f4xx_hal_adc.o
                0x0000000008004488                HAL_ADC_GetValue
 .text.HAL_ADC_ConvCpltCallback
                0x00000000080044a2       0x14 Drivers/STM32F4xx_HAL_Driver/Src/stm32f4xx_hal_adc.o
                0x00000000080044a2                HAL_ADC_ConvCpltCallback
 .text.HAL_ADC_ConvHalfCpltCallback
                0x00000000080044b6       0x14 Drivers/STM32F4xx_HAL_Driver/Src/stm32f4xx_hal_adc.o
                0x00000000080044b6                HAL_ADC_ConvHalfCpltCallback
 .text.HAL_ADC_ErrorCallback
                0x00000000080044ca       0x14 Drivers/STM32F4xx_HAL_Driver/Src/stm32f4xx_hal_adc.o
                0x00000000080044ca                HAL_ADC_ErrorCallback
 *fill*         0x00000000080044de        0x2 
 .text.HAL_ADC_ConfigChannel
                0x00000000080044e0      0x244 Drivers/STM32F4xx_HAL_Driver/Src/stm32f4xx_hal_adc.o
                0x00000000080044e0                HAL_ADC_ConfigChannel
 .text.ADC_Init
                0x0000000008004724      0x1f8 Drivers/STM32F4xx_HAL_Driver/Src/stm32f4xx_hal_adc.o
 .text.ADC_DMAConvCplt
                0x000000000800491c       0xba Drivers/STM32F4xx_HAL_Driver/Src/stm32f4xx_hal_adc.o
 .text.ADC_DMAHalfConvCplt
                0x00000000080049d6       0x1c Drivers/STM32F4xx_HAL_Driver/Src/stm32f4xx_hal_adc.o
 .text.ADC_DMAError
                0x00000000080049f2       0x2e Drivers/STM32F4xx_HAL_Driver/Src/stm32f4xx_hal_adc.o
 .text.__NVIC_SetPriorityGrouping
                0x0000000008004a20       0x48 Drivers/STM32F4xx_HAL_Driver/Src/stm32f4xx_hal_cortex.o
 .text.__NVIC_GetPriorityGrouping
                0x0000000008004a68       0x1c Drivers/STM32F4xx_HAL_Driver/Src/stm32f4xx_hal_cortex.o
 .text.__NVIC_EnableIRQ
                0x0000000008004a84       0x3c Drivers/STM32F4xx_HAL_Driver/Src/stm32f4xx_hal_cortex.o
 .text.__NVIC_SetPriority
                0x0000000008004ac0       0x54 Drivers/STM32F4xx_HAL_Driver/Src/stm32f4xx_hal_cortex.o
 .text.NVIC_EncodePriority
                0x0000000008004b14       0x66 Drivers/STM32F4xx_HAL_Driver/Src/stm32f4xx_hal_cortex.o
 *fill*         0x0000000008004b7a        0x2 
 .text.SysTick_Config
                0x0000000008004b7c       0x44 Drivers/STM32F4xx_HAL_Driver/Src/stm32f4xx_hal_cortex.o
 .text.HAL_NVIC_SetPriorityGrouping
                0x0000000008004bc0       0x16 Drivers/STM32F4xx_HAL_Driver/Src/stm32f4xx_hal_cortex.o
                0x0000000008004bc0                HAL_NVIC_SetPriorityGrouping
 .text.HAL_NVIC_SetPriority
                0x0000000008004bd6       0x38 Drivers/STM32F4xx_HAL_Driver/Src/stm32f4xx_hal_cortex.o
                0x0000000008004bd6                HAL_NVIC_SetPriority
 .text.HAL_NVIC_EnableIRQ
                0x0000000008004c0e       0x1c Drivers/STM32F4xx_HAL_Driver/Src/stm32f4xx_hal_cortex.o
                0x0000000008004c0e                HAL_NVIC_EnableIRQ
 .text.HAL_SYSTICK_Config
                0x0000000008004c2a       0x18 Drivers/STM32F4xx_HAL_Driver/Src/stm32f4xx_hal_cortex.o
                0x0000000008004c2a                HAL_SYSTICK_Config
 *fill*         0x0000000008004c42        0x2 
 .text.HAL_DMA_Init
                0x0000000008004c44      0x15c Drivers/STM32F4xx_HAL_Driver/Src/stm32f4xx_hal_dma.o
                0x0000000008004c44                HAL_DMA_Init
 .text.HAL_DMA_Start_IT
                0x0000000008004da0       0xb0 Drivers/STM32F4xx_HAL_Driver/Src/stm32f4xx_hal_dma.o
                0x0000000008004da0                HAL_DMA_Start_IT
 .text.HAL_DMA_IRQHandler
                0x0000000008004e50      0x314 Drivers/STM32F4xx_HAL_Driver/Src/stm32f4xx_hal_dma.o
                0x0000000008004e50                HAL_DMA_IRQHandler
 .text.DMA_SetConfig
                0x0000000008005164       0x5c Drivers/STM32F4xx_HAL_Driver/Src/stm32f4xx_hal_dma.o
 .text.DMA_CalcBaseAndBitshift
                0x00000000080051c0       0x6c Drivers/STM32F4xx_HAL_Driver/Src/stm32f4xx_hal_dma.o
 .text.DMA_CheckFifoParam
                0x000000000800522c       0xf4 Drivers/STM32F4xx_HAL_Driver/Src/stm32f4xx_hal_dma.o
 .text.HAL_GPIO_Init
                0x0000000008005320      0x334 Drivers/STM32F4xx_HAL_Driver/Src/stm32f4xx_hal_gpio.o
                0x0000000008005320                HAL_GPIO_Init
 .text.HAL_GPIO_ReadPin
                0x0000000008005654       0x30 Drivers/STM32F4xx_HAL_Driver/Src/stm32f4xx_hal_gpio.o
                0x0000000008005654                HAL_GPIO_ReadPin
 .text.HAL_GPIO_WritePin
                0x0000000008005684       0x32 Drivers/STM32F4xx_HAL_Driver/Src/stm32f4xx_hal_gpio.o
                0x0000000008005684                HAL_GPIO_WritePin
 .text.HAL_GPIO_TogglePin
                0x00000000080056b6       0x36 Drivers/STM32F4xx_HAL_Driver/Src/stm32f4xx_hal_gpio.o
                0x00000000080056b6                HAL_GPIO_TogglePin
 .text.HAL_GPIO_EXTI_IRQHandler
                0x00000000080056ec       0x30 Drivers/STM32F4xx_HAL_Driver/Src/stm32f4xx_hal_gpio.o
                0x00000000080056ec                HAL_GPIO_EXTI_IRQHandler
 .text.HAL_GPIO_EXTI_Callback
                0x000000000800571c       0x16 Drivers/STM32F4xx_HAL_Driver/Src/stm32f4xx_hal_gpio.o
                0x000000000800571c                HAL_GPIO_EXTI_Callback
 *fill*         0x0000000008005732        0x2 
 .text.HAL_I2C_Init
                0x0000000008005734      0x270 Drivers/STM32F4xx_HAL_Driver/Src/stm32f4xx_hal_i2c.o
                0x0000000008005734                HAL_I2C_Init
 .text.HAL_I2C_Mem_Write
                0x00000000080059a4      0x1f4 Drivers/STM32F4xx_HAL_Driver/Src/stm32f4xx_hal_i2c.o
                0x00000000080059a4                HAL_I2C_Mem_Write
 .text.I2C_RequestMemoryWrite
                0x0000000008005b98      0x128 Drivers/STM32F4xx_HAL_Driver/Src/stm32f4xx_hal_i2c.o
 .text.I2C_WaitOnFlagUntilTimeout
                0x0000000008005cc0       0xae Drivers/STM32F4xx_HAL_Driver/Src/stm32f4xx_hal_i2c.o
 .text.I2C_WaitOnMasterAddressFlagUntilTimeout
                0x0000000008005d6e       0xfe Drivers/STM32F4xx_HAL_Driver/Src/stm32f4xx_hal_i2c.o
 .text.I2C_WaitOnTXEFlagUntilTimeout
                0x0000000008005e6c       0x82 Drivers/STM32F4xx_HAL_Driver/Src/stm32f4xx_hal_i2c.o
 .text.I2C_WaitOnBTFFlagUntilTimeout
                0x0000000008005eee       0x82 Drivers/STM32F4xx_HAL_Driver/Src/stm32f4xx_hal_i2c.o
 .text.I2C_IsAcknowledgeFailed
                0x0000000008005f70       0x5e Drivers/STM32F4xx_HAL_Driver/Src/stm32f4xx_hal_i2c.o
 *fill*         0x0000000008005fce        0x2 
 .text.HAL_RCC_OscConfig
                0x0000000008005fd0      0x4e0 Drivers/STM32F4xx_HAL_Driver/Src/stm32f4xx_hal_rcc.o
                0x0000000008005fd0                HAL_RCC_OscConfig
 .text.HAL_RCC_ClockConfig
                0x00000000080064b0      0x1cc Drivers/STM32F4xx_HAL_Driver/Src/stm32f4xx_hal_rcc.o
                0x00000000080064b0                HAL_RCC_ClockConfig
 .text.HAL_RCC_GetSysClockFreq
                0x000000000800667c      0x164 Drivers/STM32F4xx_HAL_Driver/Src/stm32f4xx_hal_rcc.o
                0x000000000800667c                HAL_RCC_GetSysClockFreq
 .text.HAL_RCC_GetHCLKFreq
                0x00000000080067e0       0x18 Drivers/STM32F4xx_HAL_Driver/Src/stm32f4xx_hal_rcc.o
                0x00000000080067e0                HAL_RCC_GetHCLKFreq
 .text.HAL_RCC_GetPCLK1Freq
                0x00000000080067f8       0x28 Drivers/STM32F4xx_HAL_Driver/Src/stm32f4xx_hal_rcc.o
                0x00000000080067f8                HAL_RCC_GetPCLK1Freq
 .text.HAL_RCC_GetPCLK2Freq
                0x0000000008006820       0x28 Drivers/STM32F4xx_HAL_Driver/Src/stm32f4xx_hal_rcc.o
                0x0000000008006820                HAL_RCC_GetPCLK2Freq
 .text.HAL_TIM_Base_Init
                0x0000000008006848       0x56 Drivers/STM32F4xx_HAL_Driver/Src/stm32f4xx_hal_tim.o
                0x0000000008006848                HAL_TIM_Base_Init
 .text.HAL_TIM_Base_Start_IT
                0x000000000800689e       0x48 Drivers/STM32F4xx_HAL_Driver/Src/stm32f4xx_hal_tim.o
                0x000000000800689e                HAL_TIM_Base_Start_IT
 .text.HAL_TIM_Base_Stop_IT
                0x00000000080068e6       0x56 Drivers/STM32F4xx_HAL_Driver/Src/stm32f4xx_hal_tim.o
                0x00000000080068e6                HAL_TIM_Base_Stop_IT
 .text.HAL_TIM_PWM_Init
                0x000000000800693c       0x56 Drivers/STM32F4xx_HAL_Driver/Src/stm32f4xx_hal_tim.o
                0x000000000800693c                HAL_TIM_PWM_Init
 *fill*         0x0000000008006992        0x2 
 .text.HAL_TIM_PWM_Start
                0x0000000008006994       0x7c Drivers/STM32F4xx_HAL_Driver/Src/stm32f4xx_hal_tim.o
                0x0000000008006994                HAL_TIM_PWM_Start
 .text.HAL_TIM_Encoder_Init
                0x0000000008006a10      0x124 Drivers/STM32F4xx_HAL_Driver/Src/stm32f4xx_hal_tim.o
                0x0000000008006a10                HAL_TIM_Encoder_Init
 .text.HAL_TIM_Encoder_Start
                0x0000000008006b34       0x6e Drivers/STM32F4xx_HAL_Driver/Src/stm32f4xx_hal_tim.o
                0x0000000008006b34                HAL_TIM_Encoder_Start
 .text.HAL_TIM_IRQHandler
                0x0000000008006ba2      0x210 Drivers/STM32F4xx_HAL_Driver/Src/stm32f4xx_hal_tim.o
                0x0000000008006ba2                HAL_TIM_IRQHandler
 *fill*         0x0000000008006db2        0x2 
 .text.HAL_TIM_PWM_ConfigChannel
                0x0000000008006db4      0x18c Drivers/STM32F4xx_HAL_Driver/Src/stm32f4xx_hal_tim.o
                0x0000000008006db4                HAL_TIM_PWM_ConfigChannel
 .text.HAL_TIM_PeriodElapsedCallback
                0x0000000008006f40       0x14 Drivers/STM32F4xx_HAL_Driver/Src/stm32f4xx_hal_tim.o
                0x0000000008006f40                HAL_TIM_PeriodElapsedCallback
 .text.HAL_TIM_OC_DelayElapsedCallback
                0x0000000008006f54       0x14 Drivers/STM32F4xx_HAL_Driver/Src/stm32f4xx_hal_tim.o
                0x0000000008006f54                HAL_TIM_OC_DelayElapsedCallback
 .text.HAL_TIM_IC_CaptureCallback
                0x0000000008006f68       0x14 Drivers/STM32F4xx_HAL_Driver/Src/stm32f4xx_hal_tim.o
                0x0000000008006f68                HAL_TIM_IC_CaptureCallback
 .text.HAL_TIM_PWM_PulseFinishedCallback
                0x0000000008006f7c       0x14 Drivers/STM32F4xx_HAL_Driver/Src/stm32f4xx_hal_tim.o
                0x0000000008006f7c                HAL_TIM_PWM_PulseFinishedCallback
 .text.HAL_TIM_TriggerCallback
                0x0000000008006f90       0x14 Drivers/STM32F4xx_HAL_Driver/Src/stm32f4xx_hal_tim.o
                0x0000000008006f90                HAL_TIM_TriggerCallback
 .text.TIM_Base_SetConfig
                0x0000000008006fa4      0x140 Drivers/STM32F4xx_HAL_Driver/Src/stm32f4xx_hal_tim.o
                0x0000000008006fa4                TIM_Base_SetConfig
 .text.TIM_OC1_SetConfig
                0x00000000080070e4       0xe0 Drivers/STM32F4xx_HAL_Driver/Src/stm32f4xx_hal_tim.o
 .text.TIM_OC2_SetConfig
                0x00000000080071c4       0xec Drivers/STM32F4xx_HAL_Driver/Src/stm32f4xx_hal_tim.o
                0x00000000080071c4                TIM_OC2_SetConfig
 .text.TIM_OC3_SetConfig
                0x00000000080072b0       0xe8 Drivers/STM32F4xx_HAL_Driver/Src/stm32f4xx_hal_tim.o
 .text.TIM_OC4_SetConfig
                0x0000000008007398       0xac Drivers/STM32F4xx_HAL_Driver/Src/stm32f4xx_hal_tim.o
 .text.TIM_CCxChannelCmd
                0x0000000008007444       0x4a Drivers/STM32F4xx_HAL_Driver/Src/stm32f4xx_hal_tim.o
                0x0000000008007444                TIM_CCxChannelCmd
 *fill*         0x000000000800748e        0x2 
 .text.HAL_TIMEx_MasterConfigSynchronization
                0x0000000008007490       0xf8 Drivers/STM32F4xx_HAL_Driver/Src/stm32f4xx_hal_tim_ex.o
                0x0000000008007490                HAL_TIMEx_MasterConfigSynchronization
 .text.HAL_TIMEx_ConfigBreakDeadTime
                0x0000000008007588       0xa4 Drivers/STM32F4xx_HAL_Driver/Src/stm32f4xx_hal_tim_ex.o
                0x0000000008007588                HAL_TIMEx_ConfigBreakDeadTime
 .text.HAL_TIMEx_CommutCallback
                0x000000000800762c       0x14 Drivers/STM32F4xx_HAL_Driver/Src/stm32f4xx_hal_tim_ex.o
                0x000000000800762c                HAL_TIMEx_CommutCallback
 .text.HAL_TIMEx_BreakCallback
                0x0000000008007640       0x14 Drivers/STM32F4xx_HAL_Driver/Src/stm32f4xx_hal_tim_ex.o
                0x0000000008007640                HAL_TIMEx_BreakCallback
 .text.HAL_UART_Init
                0x0000000008007654       0x9a Drivers/STM32F4xx_HAL_Driver/Src/stm32f4xx_hal_uart.o
                0x0000000008007654                HAL_UART_Init
 .text.HAL_UART_Transmit
                0x00000000080076ee      0x132 Drivers/STM32F4xx_HAL_Driver/Src/stm32f4xx_hal_uart.o
                0x00000000080076ee                HAL_UART_Transmit
 .text.UART_WaitOnFlagUntilTimeout
                0x0000000008007820       0x94 Drivers/STM32F4xx_HAL_Driver/Src/stm32f4xx_hal_uart.o
 .text.UART_SetConfig
                0x00000000080078b4      0x6f8 Drivers/STM32F4xx_HAL_Driver/Src/stm32f4xx_hal_uart.o
 .text.__errno  0x0000000008007fac        0xc c:/st/stm32cubeide_1.3.0/stm32cubeide/plugins/com.st.stm32cube.ide.mcu.externaltools.gnu-tools-for-stm32.7-2018-q2-update.win32_1.0.0.201904181610/tools/bin/../lib/gcc/arm-none-eabi/7.3.1/../../../../arm-none-eabi/lib/thumb/v7e-m/fpv4-sp/hard\libc_nano.a(lib_a-errno.o)
                0x0000000008007fac                __errno
 .text.__libc_init_array
                0x0000000008007fb8       0x48 c:/st/stm32cubeide_1.3.0/stm32cubeide/plugins/com.st.stm32cube.ide.mcu.externaltools.gnu-tools-for-stm32.7-2018-q2-update.win32_1.0.0.201904181610/tools/bin/../lib/gcc/arm-none-eabi/7.3.1/../../../../arm-none-eabi/lib/thumb/v7e-m/fpv4-sp/hard\libc_nano.a(lib_a-init.o)
                0x0000000008007fb8                __libc_init_array
 .text.memset   0x0000000008008000       0x10 c:/st/stm32cubeide_1.3.0/stm32cubeide/plugins/com.st.stm32cube.ide.mcu.externaltools.gnu-tools-for-stm32.7-2018-q2-update.win32_1.0.0.201904181610/tools/bin/../lib/gcc/arm-none-eabi/7.3.1/../../../../arm-none-eabi/lib/thumb/v7e-m/fpv4-sp/hard\libc_nano.a(lib_a-memset.o)
                0x0000000008008000                memset
 .text.__cvt    0x0000000008008010       0xc2 c:/st/stm32cubeide_1.3.0/stm32cubeide/plugins/com.st.stm32cube.ide.mcu.externaltools.gnu-tools-for-stm32.7-2018-q2-update.win32_1.0.0.201904181610/tools/bin/../lib/gcc/arm-none-eabi/7.3.1/../../../../arm-none-eabi/lib/thumb/v7e-m/fpv4-sp/hard\libc_nano.a(lib_a-nano-vfprintf_float.o)
                0x0000000008008010                __cvt
 .text.__exponent
                0x00000000080080d2       0x66 c:/st/stm32cubeide_1.3.0/stm32cubeide/plugins/com.st.stm32cube.ide.mcu.externaltools.gnu-tools-for-stm32.7-2018-q2-update.win32_1.0.0.201904181610/tools/bin/../lib/gcc/arm-none-eabi/7.3.1/../../../../arm-none-eabi/lib/thumb/v7e-m/fpv4-sp/hard\libc_nano.a(lib_a-nano-vfprintf_float.o)
                0x00000000080080d2                __exponent
 .text._printf_float
                0x0000000008008138      0x480 c:/st/stm32cubeide_1.3.0/stm32cubeide/plugins/com.st.stm32cube.ide.mcu.externaltools.gnu-tools-for-stm32.7-2018-q2-update.win32_1.0.0.201904181610/tools/bin/../lib/gcc/arm-none-eabi/7.3.1/../../../../arm-none-eabi/lib/thumb/v7e-m/fpv4-sp/hard\libc_nano.a(lib_a-nano-vfprintf_float.o)
                0x0000000008008138                _printf_float
 .text._printf_common
                0x00000000080085b8       0xea c:/st/stm32cubeide_1.3.0/stm32cubeide/plugins/com.st.stm32cube.ide.mcu.externaltools.gnu-tools-for-stm32.7-2018-q2-update.win32_1.0.0.201904181610/tools/bin/../lib/gcc/arm-none-eabi/7.3.1/../../../../arm-none-eabi/lib/thumb/v7e-m/fpv4-sp/hard\libc_nano.a(lib_a-nano-vfprintf_i.o)
                0x00000000080085b8                _printf_common
 *fill*         0x00000000080086a2        0x2 
 .text._printf_i
                0x00000000080086a4      0x224 c:/st/stm32cubeide_1.3.0/stm32cubeide/plugins/com.st.stm32cube.ide.mcu.externaltools.gnu-tools-for-stm32.7-2018-q2-update.win32_1.0.0.201904181610/tools/bin/../lib/gcc/arm-none-eabi/7.3.1/../../../../arm-none-eabi/lib/thumb/v7e-m/fpv4-sp/hard\libc_nano.a(lib_a-nano-vfprintf_i.o)
                0x00000000080086a4                _printf_i
 .text.printf   0x00000000080088c8       0x30 c:/st/stm32cubeide_1.3.0/stm32cubeide/plugins/com.st.stm32cube.ide.mcu.externaltools.gnu-tools-for-stm32.7-2018-q2-update.win32_1.0.0.201904181610/tools/bin/../lib/gcc/arm-none-eabi/7.3.1/../../../../arm-none-eabi/lib/thumb/v7e-m/fpv4-sp/hard\libc_nano.a(lib_a-printf.o)
                0x00000000080088c8                iprintf
                0x00000000080088c8                printf
 .text._puts_r  0x00000000080088f8       0xb8 c:/st/stm32cubeide_1.3.0/stm32cubeide/plugins/com.st.stm32cube.ide.mcu.externaltools.gnu-tools-for-stm32.7-2018-q2-update.win32_1.0.0.201904181610/tools/bin/../lib/gcc/arm-none-eabi/7.3.1/../../../../arm-none-eabi/lib/thumb/v7e-m/fpv4-sp/hard\libc_nano.a(lib_a-puts.o)
                0x00000000080088f8                _puts_r
 .text.puts     0x00000000080089b0       0x10 c:/st/stm32cubeide_1.3.0/stm32cubeide/plugins/com.st.stm32cube.ide.mcu.externaltools.gnu-tools-for-stm32.7-2018-q2-update.win32_1.0.0.201904181610/tools/bin/../lib/gcc/arm-none-eabi/7.3.1/../../../../arm-none-eabi/lib/thumb/v7e-m/fpv4-sp/hard\libc_nano.a(lib_a-puts.o)
                0x00000000080089b0                puts
 .text.snprintf
                0x00000000080089c0       0x68 c:/st/stm32cubeide_1.3.0/stm32cubeide/plugins/com.st.stm32cube.ide.mcu.externaltools.gnu-tools-for-stm32.7-2018-q2-update.win32_1.0.0.201904181610/tools/bin/../lib/gcc/arm-none-eabi/7.3.1/../../../../arm-none-eabi/lib/thumb/v7e-m/fpv4-sp/hard\libc_nano.a(lib_a-snprintf.o)
                0x00000000080089c0                sniprintf
                0x00000000080089c0                snprintf
 .text.__swbuf_r
                0x0000000008008a28       0xa4 c:/st/stm32cubeide_1.3.0/stm32cubeide/plugins/com.st.stm32cube.ide.mcu.externaltools.gnu-tools-for-stm32.7-2018-q2-update.win32_1.0.0.201904181610/tools/bin/../lib/gcc/arm-none-eabi/7.3.1/../../../../arm-none-eabi/lib/thumb/v7e-m/fpv4-sp/hard\libc_nano.a(lib_a-wbuf.o)
                0x0000000008008a28                __swbuf_r
 .text.__swsetup_r
                0x0000000008008acc       0xdc c:/st/stm32cubeide_1.3.0/stm32cubeide/plugins/com.st.stm32cube.ide.mcu.externaltools.gnu-tools-for-stm32.7-2018-q2-update.win32_1.0.0.201904181610/tools/bin/../lib/gcc/arm-none-eabi/7.3.1/../../../../arm-none-eabi/lib/thumb/v7e-m/fpv4-sp/hard\libc_nano.a(lib_a-wsetup.o)
                0x0000000008008acc                __swsetup_r
 .text.quorem   0x0000000008008ba8      0x118 c:/st/stm32cubeide_1.3.0/stm32cubeide/plugins/com.st.stm32cube.ide.mcu.externaltools.gnu-tools-for-stm32.7-2018-q2-update.win32_1.0.0.201904181610/tools/bin/../lib/gcc/arm-none-eabi/7.3.1/../../../../arm-none-eabi/lib/thumb/v7e-m/fpv4-sp/hard\libc_nano.a(lib_a-dtoa.o)
 .text._dtoa_r  0x0000000008008cc0      0xb70 c:/st/stm32cubeide_1.3.0/stm32cubeide/plugins/com.st.stm32cube.ide.mcu.externaltools.gnu-tools-for-stm32.7-2018-q2-update.win32_1.0.0.201904181610/tools/bin/../lib/gcc/arm-none-eabi/7.3.1/../../../../arm-none-eabi/lib/thumb/v7e-m/fpv4-sp/hard\libc_nano.a(lib_a-dtoa.o)
                0x0000000008008cc0                _dtoa_r
 .text.__sflush_r
                0x0000000008009830      0x10c c:/st/stm32cubeide_1.3.0/stm32cubeide/plugins/com.st.stm32cube.ide.mcu.externaltools.gnu-tools-for-stm32.7-2018-q2-update.win32_1.0.0.201904181610/tools/bin/../lib/gcc/arm-none-eabi/7.3.1/../../../../arm-none-eabi/lib/thumb/v7e-m/fpv4-sp/hard\libc_nano.a(lib_a-fflush.o)
                0x0000000008009830                __sflush_r
 .text._fflush_r
                0x000000000800993c       0x54 c:/st/stm32cubeide_1.3.0/stm32cubeide/plugins/com.st.stm32cube.ide.mcu.externaltools.gnu-tools-for-stm32.7-2018-q2-update.win32_1.0.0.201904181610/tools/bin/../lib/gcc/arm-none-eabi/7.3.1/../../../../arm-none-eabi/lib/thumb/v7e-m/fpv4-sp/hard\libc_nano.a(lib_a-fflush.o)
                0x000000000800993c                _fflush_r
 .text.std      0x0000000008009990       0x48 c:/st/stm32cubeide_1.3.0/stm32cubeide/plugins/com.st.stm32cube.ide.mcu.externaltools.gnu-tools-for-stm32.7-2018-q2-update.win32_1.0.0.201904181610/tools/bin/../lib/gcc/arm-none-eabi/7.3.1/../../../../arm-none-eabi/lib/thumb/v7e-m/fpv4-sp/hard\libc_nano.a(lib_a-findfp.o)
 .text._cleanup_r
                0x00000000080099d8        0xc c:/st/stm32cubeide_1.3.0/stm32cubeide/plugins/com.st.stm32cube.ide.mcu.externaltools.gnu-tools-for-stm32.7-2018-q2-update.win32_1.0.0.201904181610/tools/bin/../lib/gcc/arm-none-eabi/7.3.1/../../../../arm-none-eabi/lib/thumb/v7e-m/fpv4-sp/hard\libc_nano.a(lib_a-findfp.o)
                0x00000000080099d8                _cleanup_r
 .text.__sfmoreglue
                0x00000000080099e4       0x2c c:/st/stm32cubeide_1.3.0/stm32cubeide/plugins/com.st.stm32cube.ide.mcu.externaltools.gnu-tools-for-stm32.7-2018-q2-update.win32_1.0.0.201904181610/tools/bin/../lib/gcc/arm-none-eabi/7.3.1/../../../../arm-none-eabi/lib/thumb/v7e-m/fpv4-sp/hard\libc_nano.a(lib_a-findfp.o)
                0x00000000080099e4                __sfmoreglue
 .text.__sinit  0x0000000008009a10       0x60 c:/st/stm32cubeide_1.3.0/stm32cubeide/plugins/com.st.stm32cube.ide.mcu.externaltools.gnu-tools-for-stm32.7-2018-q2-update.win32_1.0.0.201904181610/tools/bin/../lib/gcc/arm-none-eabi/7.3.1/../../../../arm-none-eabi/lib/thumb/v7e-m/fpv4-sp/hard\libc_nano.a(lib_a-findfp.o)
                0x0000000008009a10                __sinit
 .text.__sfp    0x0000000008009a70       0x78 c:/st/stm32cubeide_1.3.0/stm32cubeide/plugins/com.st.stm32cube.ide.mcu.externaltools.gnu-tools-for-stm32.7-2018-q2-update.win32_1.0.0.201904181610/tools/bin/../lib/gcc/arm-none-eabi/7.3.1/../../../../arm-none-eabi/lib/thumb/v7e-m/fpv4-sp/hard\libc_nano.a(lib_a-findfp.o)
                0x0000000008009a70                __sfp
 .text._fwalk_reent
                0x0000000008009ae8       0x3c c:/st/stm32cubeide_1.3.0/stm32cubeide/plugins/com.st.stm32cube.ide.mcu.externaltools.gnu-tools-for-stm32.7-2018-q2-update.win32_1.0.0.201904181610/tools/bin/../lib/gcc/arm-none-eabi/7.3.1/../../../../arm-none-eabi/lib/thumb/v7e-m/fpv4-sp/hard\libc_nano.a(lib_a-fwalk.o)
                0x0000000008009ae8                _fwalk_reent
 .text._localeconv_r
                0x0000000008009b24       0x1c c:/st/stm32cubeide_1.3.0/stm32cubeide/plugins/com.st.stm32cube.ide.mcu.externaltools.gnu-tools-for-stm32.7-2018-q2-update.win32_1.0.0.201904181610/tools/bin/../lib/gcc/arm-none-eabi/7.3.1/../../../../arm-none-eabi/lib/thumb/v7e-m/fpv4-sp/hard\libc_nano.a(lib_a-localeconv.o)
                0x0000000008009b24                _localeconv_r
 .text.__swhatbuf_r
                0x0000000008009b40       0x48 c:/st/stm32cubeide_1.3.0/stm32cubeide/plugins/com.st.stm32cube.ide.mcu.externaltools.gnu-tools-for-stm32.7-2018-q2-update.win32_1.0.0.201904181610/tools/bin/../lib/gcc/arm-none-eabi/7.3.1/../../../../arm-none-eabi/lib/thumb/v7e-m/fpv4-sp/hard\libc_nano.a(lib_a-makebuf.o)
                0x0000000008009b40                __swhatbuf_r
 .text.__smakebuf_r
                0x0000000008009b88       0x80 c:/st/stm32cubeide_1.3.0/stm32cubeide/plugins/com.st.stm32cube.ide.mcu.externaltools.gnu-tools-for-stm32.7-2018-q2-update.win32_1.0.0.201904181610/tools/bin/../lib/gcc/arm-none-eabi/7.3.1/../../../../arm-none-eabi/lib/thumb/v7e-m/fpv4-sp/hard\libc_nano.a(lib_a-makebuf.o)
                0x0000000008009b88                __smakebuf_r
 .text.malloc   0x0000000008009c08       0x10 c:/st/stm32cubeide_1.3.0/stm32cubeide/plugins/com.st.stm32cube.ide.mcu.externaltools.gnu-tools-for-stm32.7-2018-q2-update.win32_1.0.0.201904181610/tools/bin/../lib/gcc/arm-none-eabi/7.3.1/../../../../arm-none-eabi/lib/thumb/v7e-m/fpv4-sp/hard\libc_nano.a(lib_a-malloc.o)
                0x0000000008009c08                malloc
 .text.memcpy   0x0000000008009c18       0x16 c:/st/stm32cubeide_1.3.0/stm32cubeide/plugins/com.st.stm32cube.ide.mcu.externaltools.gnu-tools-for-stm32.7-2018-q2-update.win32_1.0.0.201904181610/tools/bin/../lib/gcc/arm-none-eabi/7.3.1/../../../../arm-none-eabi/lib/thumb/v7e-m/fpv4-sp/hard\libc_nano.a(lib_a-memcpy-stub.o)
                0x0000000008009c18                memcpy
 .text._Balloc  0x0000000008009c2e       0x68 c:/st/stm32cubeide_1.3.0/stm32cubeide/plugins/com.st.stm32cube.ide.mcu.externaltools.gnu-tools-for-stm32.7-2018-q2-update.win32_1.0.0.201904181610/tools/bin/../lib/gcc/arm-none-eabi/7.3.1/../../../../arm-none-eabi/lib/thumb/v7e-m/fpv4-sp/hard\libc_nano.a(lib_a-mprec.o)
                0x0000000008009c2e                _Balloc
 .text._Bfree   0x0000000008009c96       0x2e c:/st/stm32cubeide_1.3.0/stm32cubeide/plugins/com.st.stm32cube.ide.mcu.externaltools.gnu-tools-for-stm32.7-2018-q2-update.win32_1.0.0.201904181610/tools/bin/../lib/gcc/arm-none-eabi/7.3.1/../../../../arm-none-eabi/lib/thumb/v7e-m/fpv4-sp/hard\libc_nano.a(lib_a-mprec.o)
                0x0000000008009c96                _Bfree
 .text.__multadd
                0x0000000008009cc4       0x76 c:/st/stm32cubeide_1.3.0/stm32cubeide/plugins/com.st.stm32cube.ide.mcu.externaltools.gnu-tools-for-stm32.7-2018-q2-update.win32_1.0.0.201904181610/tools/bin/../lib/gcc/arm-none-eabi/7.3.1/../../../../arm-none-eabi/lib/thumb/v7e-m/fpv4-sp/hard\libc_nano.a(lib_a-mprec.o)
                0x0000000008009cc4                __multadd
 .text.__hi0bits
                0x0000000008009d3a       0x3e c:/st/stm32cubeide_1.3.0/stm32cubeide/plugins/com.st.stm32cube.ide.mcu.externaltools.gnu-tools-for-stm32.7-2018-q2-update.win32_1.0.0.201904181610/tools/bin/../lib/gcc/arm-none-eabi/7.3.1/../../../../arm-none-eabi/lib/thumb/v7e-m/fpv4-sp/hard\libc_nano.a(lib_a-mprec.o)
                0x0000000008009d3a                __hi0bits
 .text.__lo0bits
                0x0000000008009d78       0x5e c:/st/stm32cubeide_1.3.0/stm32cubeide/plugins/com.st.stm32cube.ide.mcu.externaltools.gnu-tools-for-stm32.7-2018-q2-update.win32_1.0.0.201904181610/tools/bin/../lib/gcc/arm-none-eabi/7.3.1/../../../../arm-none-eabi/lib/thumb/v7e-m/fpv4-sp/hard\libc_nano.a(lib_a-mprec.o)
                0x0000000008009d78                __lo0bits
 .text.__i2b    0x0000000008009dd6       0x12 c:/st/stm32cubeide_1.3.0/stm32cubeide/plugins/com.st.stm32cube.ide.mcu.externaltools.gnu-tools-for-stm32.7-2018-q2-update.win32_1.0.0.201904181610/tools/bin/../lib/gcc/arm-none-eabi/7.3.1/../../../../arm-none-eabi/lib/thumb/v7e-m/fpv4-sp/hard\libc_nano.a(lib_a-mprec.o)
                0x0000000008009dd6                __i2b
 .text.__multiply
                0x0000000008009de8      0x12c c:/st/stm32cubeide_1.3.0/stm32cubeide/plugins/com.st.stm32cube.ide.mcu.externaltools.gnu-tools-for-stm32.7-2018-q2-update.win32_1.0.0.201904181610/tools/bin/../lib/gcc/arm-none-eabi/7.3.1/../../../../arm-none-eabi/lib/thumb/v7e-m/fpv4-sp/hard\libc_nano.a(lib_a-mprec.o)
                0x0000000008009de8                __multiply
 .text.__pow5mult
                0x0000000008009f14       0x9c c:/st/stm32cubeide_1.3.0/stm32cubeide/plugins/com.st.stm32cube.ide.mcu.externaltools.gnu-tools-for-stm32.7-2018-q2-update.win32_1.0.0.201904181610/tools/bin/../lib/gcc/arm-none-eabi/7.3.1/../../../../arm-none-eabi/lib/thumb/v7e-m/fpv4-sp/hard\libc_nano.a(lib_a-mprec.o)
                0x0000000008009f14                __pow5mult
 .text.__lshift
                0x0000000008009fb0       0xa8 c:/st/stm32cubeide_1.3.0/stm32cubeide/plugins/com.st.stm32cube.ide.mcu.externaltools.gnu-tools-for-stm32.7-2018-q2-update.win32_1.0.0.201904181610/tools/bin/../lib/gcc/arm-none-eabi/7.3.1/../../../../arm-none-eabi/lib/thumb/v7e-m/fpv4-sp/hard\libc_nano.a(lib_a-mprec.o)
                0x0000000008009fb0                __lshift
 .text.__mcmp   0x000000000800a058       0x34 c:/st/stm32cubeide_1.3.0/stm32cubeide/plugins/com.st.stm32cube.ide.mcu.externaltools.gnu-tools-for-stm32.7-2018-q2-update.win32_1.0.0.201904181610/tools/bin/../lib/gcc/arm-none-eabi/7.3.1/../../../../arm-none-eabi/lib/thumb/v7e-m/fpv4-sp/hard\libc_nano.a(lib_a-mprec.o)
                0x000000000800a058                __mcmp
 .text.__mdiff  0x000000000800a08c       0xba c:/st/stm32cubeide_1.3.0/stm32cubeide/plugins/com.st.stm32cube.ide.mcu.externaltools.gnu-tools-for-stm32.7-2018-q2-update.win32_1.0.0.201904181610/tools/bin/../lib/gcc/arm-none-eabi/7.3.1/../../../../arm-none-eabi/lib/thumb/v7e-m/fpv4-sp/hard\libc_nano.a(lib_a-mprec.o)
                0x000000000800a08c                __mdiff
 .text.__d2b    0x000000000800a146       0x9e c:/st/stm32cubeide_1.3.0/stm32cubeide/plugins/com.st.stm32cube.ide.mcu.externaltools.gnu-tools-for-stm32.7-2018-q2-update.win32_1.0.0.201904181610/tools/bin/../lib/gcc/arm-none-eabi/7.3.1/../../../../arm-none-eabi/lib/thumb/v7e-m/fpv4-sp/hard\libc_nano.a(lib_a-mprec.o)
                0x000000000800a146                __d2b
 .text._calloc_r
                0x000000000800a1e4       0x1c c:/st/stm32cubeide_1.3.0/stm32cubeide/plugins/com.st.stm32cube.ide.mcu.externaltools.gnu-tools-for-stm32.7-2018-q2-update.win32_1.0.0.201904181610/tools/bin/../lib/gcc/arm-none-eabi/7.3.1/../../../../arm-none-eabi/lib/thumb/v7e-m/fpv4-sp/hard\libc_nano.a(lib_a-nano-callocr.o)
                0x000000000800a1e4                _calloc_r
 .text._free_r  0x000000000800a200       0x9c c:/st/stm32cubeide_1.3.0/stm32cubeide/plugins/com.st.stm32cube.ide.mcu.externaltools.gnu-tools-for-stm32.7-2018-q2-update.win32_1.0.0.201904181610/tools/bin/../lib/gcc/arm-none-eabi/7.3.1/../../../../arm-none-eabi/lib/thumb/v7e-m/fpv4-sp/hard\libc_nano.a(lib_a-nano-freer.o)
                0x000000000800a200                _free_r
 .text._malloc_r
                0x000000000800a29c       0xb4 c:/st/stm32cubeide_1.3.0/stm32cubeide/plugins/com.st.stm32cube.ide.mcu.externaltools.gnu-tools-for-stm32.7-2018-q2-update.win32_1.0.0.201904181610/tools/bin/../lib/gcc/arm-none-eabi/7.3.1/../../../../arm-none-eabi/lib/thumb/v7e-m/fpv4-sp/hard\libc_nano.a(lib_a-nano-mallocr.o)
                0x000000000800a29c                _malloc_r
 .text.__ssputs_r
                0x000000000800a350       0xb4 c:/st/stm32cubeide_1.3.0/stm32cubeide/plugins/com.st.stm32cube.ide.mcu.externaltools.gnu-tools-for-stm32.7-2018-q2-update.win32_1.0.0.201904181610/tools/bin/../lib/gcc/arm-none-eabi/7.3.1/../../../../arm-none-eabi/lib/thumb/v7e-m/fpv4-sp/hard\libc_nano.a(lib_a-nano-svfprintf.o)
                0x000000000800a350                __ssputs_r
 .text._svfprintf_r
                0x000000000800a404      0x1f0 c:/st/stm32cubeide_1.3.0/stm32cubeide/plugins/com.st.stm32cube.ide.mcu.externaltools.gnu-tools-for-stm32.7-2018-q2-update.win32_1.0.0.201904181610/tools/bin/../lib/gcc/arm-none-eabi/7.3.1/../../../../arm-none-eabi/lib/thumb/v7e-m/fpv4-sp/hard\libc_nano.a(lib_a-nano-svfprintf.o)
                0x000000000800a404                _svfiprintf_r
                0x000000000800a404                _svfprintf_r
 .text.__sfputc_r
                0x000000000800a5f4       0x2e c:/st/stm32cubeide_1.3.0/stm32cubeide/plugins/com.st.stm32cube.ide.mcu.externaltools.gnu-tools-for-stm32.7-2018-q2-update.win32_1.0.0.201904181610/tools/bin/../lib/gcc/arm-none-eabi/7.3.1/../../../../arm-none-eabi/lib/thumb/v7e-m/fpv4-sp/hard\libc_nano.a(lib_a-nano-vfprintf.o)
 .text.__sfputs_r
                0x000000000800a622       0x24 c:/st/stm32cubeide_1.3.0/stm32cubeide/plugins/com.st.stm32cube.ide.mcu.externaltools.gnu-tools-for-stm32.7-2018-q2-update.win32_1.0.0.201904181610/tools/bin/../lib/gcc/arm-none-eabi/7.3.1/../../../../arm-none-eabi/lib/thumb/v7e-m/fpv4-sp/hard\libc_nano.a(lib_a-nano-vfprintf.o)
                0x000000000800a622                __sfputs_r
 *fill*         0x000000000800a646        0x2 
 .text._vfprintf_r
                0x000000000800a648      0x22c c:/st/stm32cubeide_1.3.0/stm32cubeide/plugins/com.st.stm32cube.ide.mcu.externaltools.gnu-tools-for-stm32.7-2018-q2-update.win32_1.0.0.201904181610/tools/bin/../lib/gcc/arm-none-eabi/7.3.1/../../../../arm-none-eabi/lib/thumb/v7e-m/fpv4-sp/hard\libc_nano.a(lib_a-nano-vfprintf.o)
                0x000000000800a648                _vfprintf_r
                0x000000000800a648                _vfiprintf_r
 .text._sbrk_r  0x000000000800a874       0x20 c:/st/stm32cubeide_1.3.0/stm32cubeide/plugins/com.st.stm32cube.ide.mcu.externaltools.gnu-tools-for-stm32.7-2018-q2-update.win32_1.0.0.201904181610/tools/bin/../lib/gcc/arm-none-eabi/7.3.1/../../../../arm-none-eabi/lib/thumb/v7e-m/fpv4-sp/hard\libc_nano.a(lib_a-sbrkr.o)
                0x000000000800a874                _sbrk_r
 .text.__sread  0x000000000800a894       0x22 c:/st/stm32cubeide_1.3.0/stm32cubeide/plugins/com.st.stm32cube.ide.mcu.externaltools.gnu-tools-for-stm32.7-2018-q2-update.win32_1.0.0.201904181610/tools/bin/../lib/gcc/arm-none-eabi/7.3.1/../../../../arm-none-eabi/lib/thumb/v7e-m/fpv4-sp/hard\libc_nano.a(lib_a-stdio.o)
                0x000000000800a894                __sread
 .text.__swrite
                0x000000000800a8b6       0x38 c:/st/stm32cubeide_1.3.0/stm32cubeide/plugins/com.st.stm32cube.ide.mcu.externaltools.gnu-tools-for-stm32.7-2018-q2-update.win32_1.0.0.201904181610/tools/bin/../lib/gcc/arm-none-eabi/7.3.1/../../../../arm-none-eabi/lib/thumb/v7e-m/fpv4-sp/hard\libc_nano.a(lib_a-stdio.o)
                0x000000000800a8b6                __swrite
 .text.__sseek  0x000000000800a8ee       0x24 c:/st/stm32cubeide_1.3.0/stm32cubeide/plugins/com.st.stm32cube.ide.mcu.externaltools.gnu-tools-for-stm32.7-2018-q2-update.win32_1.0.0.201904181610/tools/bin/../lib/gcc/arm-none-eabi/7.3.1/../../../../arm-none-eabi/lib/thumb/v7e-m/fpv4-sp/hard\libc_nano.a(lib_a-stdio.o)
                0x000000000800a8ee                __sseek
 .text.__sclose
                0x000000000800a912        0x8 c:/st/stm32cubeide_1.3.0/stm32cubeide/plugins/com.st.stm32cube.ide.mcu.externaltools.gnu-tools-for-stm32.7-2018-q2-update.win32_1.0.0.201904181610/tools/bin/../lib/gcc/arm-none-eabi/7.3.1/../../../../arm-none-eabi/lib/thumb/v7e-m/fpv4-sp/hard\libc_nano.a(lib_a-stdio.o)
                0x000000000800a912                __sclose
 *fill*         0x000000000800a91a        0x2 
 .text._write_r
                0x000000000800a91c       0x24 c:/st/stm32cubeide_1.3.0/stm32cubeide/plugins/com.st.stm32cube.ide.mcu.externaltools.gnu-tools-for-stm32.7-2018-q2-update.win32_1.0.0.201904181610/tools/bin/../lib/gcc/arm-none-eabi/7.3.1/../../../../arm-none-eabi/lib/thumb/v7e-m/fpv4-sp/hard\libc_nano.a(lib_a-writer.o)
                0x000000000800a91c                _write_r
 .text._close_r
                0x000000000800a940       0x20 c:/st/stm32cubeide_1.3.0/stm32cubeide/plugins/com.st.stm32cube.ide.mcu.externaltools.gnu-tools-for-stm32.7-2018-q2-update.win32_1.0.0.201904181610/tools/bin/../lib/gcc/arm-none-eabi/7.3.1/../../../../arm-none-eabi/lib/thumb/v7e-m/fpv4-sp/hard\libc_nano.a(lib_a-closer.o)
                0x000000000800a940                _close_r
 .text._fstat_r
                0x000000000800a960       0x24 c:/st/stm32cubeide_1.3.0/stm32cubeide/plugins/com.st.stm32cube.ide.mcu.externaltools.gnu-tools-for-stm32.7-2018-q2-update.win32_1.0.0.201904181610/tools/bin/../lib/gcc/arm-none-eabi/7.3.1/../../../../arm-none-eabi/lib/thumb/v7e-m/fpv4-sp/hard\libc_nano.a(lib_a-fstatr.o)
                0x000000000800a960                _fstat_r
 .text._isatty_r
                0x000000000800a984       0x20 c:/st/stm32cubeide_1.3.0/stm32cubeide/plugins/com.st.stm32cube.ide.mcu.externaltools.gnu-tools-for-stm32.7-2018-q2-update.win32_1.0.0.201904181610/tools/bin/../lib/gcc/arm-none-eabi/7.3.1/../../../../arm-none-eabi/lib/thumb/v7e-m/fpv4-sp/hard\libc_nano.a(lib_a-isattyr.o)
                0x000000000800a984                _isatty_r
 .text._lseek_r
                0x000000000800a9a4       0x24 c:/st/stm32cubeide_1.3.0/stm32cubeide/plugins/com.st.stm32cube.ide.mcu.externaltools.gnu-tools-for-stm32.7-2018-q2-update.win32_1.0.0.201904181610/tools/bin/../lib/gcc/arm-none-eabi/7.3.1/../../../../arm-none-eabi/lib/thumb/v7e-m/fpv4-sp/hard\libc_nano.a(lib_a-lseekr.o)
                0x000000000800a9a4                _lseek_r
 .text.__ascii_mbtowc
                0x000000000800a9c8       0x24 c:/st/stm32cubeide_1.3.0/stm32cubeide/plugins/com.st.stm32cube.ide.mcu.externaltools.gnu-tools-for-stm32.7-2018-q2-update.win32_1.0.0.201904181610/tools/bin/../lib/gcc/arm-none-eabi/7.3.1/../../../../arm-none-eabi/lib/thumb/v7e-m/fpv4-sp/hard\libc_nano.a(lib_a-mbtowc_r.o)
                0x000000000800a9c8                __ascii_mbtowc
 .text.memmove  0x000000000800a9ec       0x32 c:/st/stm32cubeide_1.3.0/stm32cubeide/plugins/com.st.stm32cube.ide.mcu.externaltools.gnu-tools-for-stm32.7-2018-q2-update.win32_1.0.0.201904181610/tools/bin/../lib/gcc/arm-none-eabi/7.3.1/../../../../arm-none-eabi/lib/thumb/v7e-m/fpv4-sp/hard\libc_nano.a(lib_a-memmove.o)
                0x000000000800a9ec                memmove
 .text.__malloc_lock
                0x000000000800aa1e        0x2 c:/st/stm32cubeide_1.3.0/stm32cubeide/plugins/com.st.stm32cube.ide.mcu.externaltools.gnu-tools-for-stm32.7-2018-q2-update.win32_1.0.0.201904181610/tools/bin/../lib/gcc/arm-none-eabi/7.3.1/../../../../arm-none-eabi/lib/thumb/v7e-m/fpv4-sp/hard\libc_nano.a(lib_a-mlock.o)
                0x000000000800aa1e                __malloc_lock
 .text.__malloc_unlock
                0x000000000800aa20        0x2 c:/st/stm32cubeide_1.3.0/stm32cubeide/plugins/com.st.stm32cube.ide.mcu.externaltools.gnu-tools-for-stm32.7-2018-q2-update.win32_1.0.0.201904181610/tools/bin/../lib/gcc/arm-none-eabi/7.3.1/../../../../arm-none-eabi/lib/thumb/v7e-m/fpv4-sp/hard\libc_nano.a(lib_a-mlock.o)
                0x000000000800aa20                __malloc_unlock
 .text._realloc_r
                0x000000000800aa22       0x4c c:/st/stm32cubeide_1.3.0/stm32cubeide/plugins/com.st.stm32cube.ide.mcu.externaltools.gnu-tools-for-stm32.7-2018-q2-update.win32_1.0.0.201904181610/tools/bin/../lib/gcc/arm-none-eabi/7.3.1/../../../../arm-none-eabi/lib/thumb/v7e-m/fpv4-sp/hard\libc_nano.a(lib_a-nano-reallocr.o)
                0x000000000800aa22                _realloc_r
 *fill*         0x000000000800aa6e        0x2 
 .text._read_r  0x000000000800aa70       0x24 c:/st/stm32cubeide_1.3.0/stm32cubeide/plugins/com.st.stm32cube.ide.mcu.externaltools.gnu-tools-for-stm32.7-2018-q2-update.win32_1.0.0.201904181610/tools/bin/../lib/gcc/arm-none-eabi/7.3.1/../../../../arm-none-eabi/lib/thumb/v7e-m/fpv4-sp/hard\libc_nano.a(lib_a-readr.o)
                0x000000000800aa70                _read_r
 .text.__ascii_wctomb
                0x000000000800aa94       0x1a c:/st/stm32cubeide_1.3.0/stm32cubeide/plugins/com.st.stm32cube.ide.mcu.externaltools.gnu-tools-for-stm32.7-2018-q2-update.win32_1.0.0.201904181610/tools/bin/../lib/gcc/arm-none-eabi/7.3.1/../../../../arm-none-eabi/lib/thumb/v7e-m/fpv4-sp/hard\libc_nano.a(lib_a-wctomb_r.o)
                0x000000000800aa94                __ascii_wctomb
 .text._malloc_usable_size_r
                0x000000000800aaae       0x10 c:/st/stm32cubeide_1.3.0/stm32cubeide/plugins/com.st.stm32cube.ide.mcu.externaltools.gnu-tools-for-stm32.7-2018-q2-update.win32_1.0.0.201904181610/tools/bin/../lib/gcc/arm-none-eabi/7.3.1/../../../../arm-none-eabi/lib/thumb/v7e-m/fpv4-sp/hard\libc_nano.a(lib_a-nano-msizer.o)
                0x000000000800aaae                _malloc_usable_size_r
 *(.glue_7)
 .glue_7        0x000000000800aabe        0x0 linker stubs
 *(.glue_7t)
 .glue_7t       0x000000000800aabe        0x0 linker stubs
 *(.eh_frame)
 *fill*         0x000000000800aabe        0x2 
 .eh_frame      0x000000000800aac0        0x0 c:/st/stm32cubeide_1.3.0/stm32cubeide/plugins/com.st.stm32cube.ide.mcu.externaltools.gnu-tools-for-stm32.7-2018-q2-update.win32_1.0.0.201904181610/tools/bin/../lib/gcc/arm-none-eabi/7.3.1/thumb/v7e-m/fpv4-sp/hard/crtbegin.o
 *(.init)
 .init          0x000000000800aac0        0x4 c:/st/stm32cubeide_1.3.0/stm32cubeide/plugins/com.st.stm32cube.ide.mcu.externaltools.gnu-tools-for-stm32.7-2018-q2-update.win32_1.0.0.201904181610/tools/bin/../lib/gcc/arm-none-eabi/7.3.1/thumb/v7e-m/fpv4-sp/hard/crti.o
                0x000000000800aac0                _init
 .init          0x000000000800aac4        0x8 c:/st/stm32cubeide_1.3.0/stm32cubeide/plugins/com.st.stm32cube.ide.mcu.externaltools.gnu-tools-for-stm32.7-2018-q2-update.win32_1.0.0.201904181610/tools/bin/../lib/gcc/arm-none-eabi/7.3.1/thumb/v7e-m/fpv4-sp/hard/crtn.o
 *(.fini)
 .fini          0x000000000800aacc        0x4 c:/st/stm32cubeide_1.3.0/stm32cubeide/plugins/com.st.stm32cube.ide.mcu.externaltools.gnu-tools-for-stm32.7-2018-q2-update.win32_1.0.0.201904181610/tools/bin/../lib/gcc/arm-none-eabi/7.3.1/thumb/v7e-m/fpv4-sp/hard/crti.o
                0x000000000800aacc                _fini
 .fini          0x000000000800aad0        0x8 c:/st/stm32cubeide_1.3.0/stm32cubeide/plugins/com.st.stm32cube.ide.mcu.externaltools.gnu-tools-for-stm32.7-2018-q2-update.win32_1.0.0.201904181610/tools/bin/../lib/gcc/arm-none-eabi/7.3.1/thumb/v7e-m/fpv4-sp/hard/crtn.o
                0x000000000800aad8                . = ALIGN (0x4)
                0x000000000800aad8                _etext = .

.vfp11_veneer   0x000000000800aad8        0x0
 .vfp11_veneer  0x000000000800aad8        0x0 linker stubs

.v4_bx          0x000000000800aad8        0x0
 .v4_bx         0x000000000800aad8        0x0 linker stubs

.iplt           0x000000000800aad8        0x0
 .iplt          0x000000000800aad8        0x0 c:/st/stm32cubeide_1.3.0/stm32cubeide/plugins/com.st.stm32cube.ide.mcu.externaltools.gnu-tools-for-stm32.7-2018-q2-update.win32_1.0.0.201904181610/tools/bin/../lib/gcc/arm-none-eabi/7.3.1/thumb/v7e-m/fpv4-sp/hard/crtbegin.o

.rodata         0x000000000800aad8     0x2330
                0x000000000800aad8                . = ALIGN (0x4)
 *(.rodata)
 .rodata        0x000000000800aad8      0x10c Core/Src/main.o
 .rodata        0x000000000800abe4      0x17e Core/Src/user/oled.o
 *fill*         0x000000000800ad62        0x2 
 .rodata        0x000000000800ad64       0xf6 Core/Src/user/xline.o
 *(.rodata*)
 *fill*         0x000000000800ae5a        0x2 
 .rodata.AHBPrescTable
                0x000000000800ae5c       0x10 Core/Src/system_stm32f4xx.o
                0x000000000800ae5c                AHBPrescTable
 .rodata.APBPrescTable
                0x000000000800ae6c        0x8 Core/Src/system_stm32f4xx.o
                0x000000000800ae6c                APBPrescTable
 .rodata.case_head_bmp
                0x000000000800ae74      0x400 Core/Src/user/bitmaps.o
                0x000000000800ae74                case_head_bmp
 .rodata.cats_bmp
                0x000000000800b274      0x400 Core/Src/user/bitmaps.o
                0x000000000800b274                cats_bmp
 .rodata.Font7x10
                0x000000000800b674      0x76c Core/Src/user/ssd1306_fonts.o
 .rodata.Font11x18
                0x000000000800bde0      0xd5c Core/Src/user/ssd1306_fonts.o
 .rodata.flagBitshiftOffset.8414
                0x000000000800cb3c        0x8 Drivers/STM32F4xx_HAL_Driver/Src/stm32f4xx_hal_dma.o
 .rodata._global_impure_ptr
                0x000000000800cb44        0x4 c:/st/stm32cubeide_1.3.0/stm32cubeide/plugins/com.st.stm32cube.ide.mcu.externaltools.gnu-tools-for-stm32.7-2018-q2-update.win32_1.0.0.201904181610/tools/bin/../lib/gcc/arm-none-eabi/7.3.1/../../../../arm-none-eabi/lib/thumb/v7e-m/fpv4-sp/hard\libc_nano.a(lib_a-impure.o)
                0x000000000800cb44                _global_impure_ptr
 .rodata._printf_float.str1.1
                0x000000000800cb48       0x12 c:/st/stm32cubeide_1.3.0/stm32cubeide/plugins/com.st.stm32cube.ide.mcu.externaltools.gnu-tools-for-stm32.7-2018-q2-update.win32_1.0.0.201904181610/tools/bin/../lib/gcc/arm-none-eabi/7.3.1/../../../../arm-none-eabi/lib/thumb/v7e-m/fpv4-sp/hard\libc_nano.a(lib_a-nano-vfprintf_float.o)
 .rodata._printf_i.str1.1
                0x000000000800cb5a       0x22 c:/st/stm32cubeide_1.3.0/stm32cubeide/plugins/com.st.stm32cube.ide.mcu.externaltools.gnu-tools-for-stm32.7-2018-q2-update.win32_1.0.0.201904181610/tools/bin/../lib/gcc/arm-none-eabi/7.3.1/../../../../arm-none-eabi/lib/thumb/v7e-m/fpv4-sp/hard\libc_nano.a(lib_a-nano-vfprintf_i.o)
 .rodata._dtoa_r.str1.1
                0x000000000800cb7c        0xd c:/st/stm32cubeide_1.3.0/stm32cubeide/plugins/com.st.stm32cube.ide.mcu.externaltools.gnu-tools-for-stm32.7-2018-q2-update.win32_1.0.0.201904181610/tools/bin/../lib/gcc/arm-none-eabi/7.3.1/../../../../arm-none-eabi/lib/thumb/v7e-m/fpv4-sp/hard\libc_nano.a(lib_a-dtoa.o)
                                          0xf (size before relaxing)
 *fill*         0x000000000800cb89        0x3 
 .rodata.__sf_fake_stderr
                0x000000000800cb8c       0x20 c:/st/stm32cubeide_1.3.0/stm32cubeide/plugins/com.st.stm32cube.ide.mcu.externaltools.gnu-tools-for-stm32.7-2018-q2-update.win32_1.0.0.201904181610/tools/bin/../lib/gcc/arm-none-eabi/7.3.1/../../../../arm-none-eabi/lib/thumb/v7e-m/fpv4-sp/hard\libc_nano.a(lib_a-findfp.o)
                0x000000000800cb8c                __sf_fake_stderr
 .rodata.__sf_fake_stdin
                0x000000000800cbac       0x20 c:/st/stm32cubeide_1.3.0/stm32cubeide/plugins/com.st.stm32cube.ide.mcu.externaltools.gnu-tools-for-stm32.7-2018-q2-update.win32_1.0.0.201904181610/tools/bin/../lib/gcc/arm-none-eabi/7.3.1/../../../../arm-none-eabi/lib/thumb/v7e-m/fpv4-sp/hard\libc_nano.a(lib_a-findfp.o)
                0x000000000800cbac                __sf_fake_stdin
 .rodata.__sf_fake_stdout
                0x000000000800cbcc       0x20 c:/st/stm32cubeide_1.3.0/stm32cubeide/plugins/com.st.stm32cube.ide.mcu.externaltools.gnu-tools-for-stm32.7-2018-q2-update.win32_1.0.0.201904181610/tools/bin/../lib/gcc/arm-none-eabi/7.3.1/../../../../arm-none-eabi/lib/thumb/v7e-m/fpv4-sp/hard\libc_nano.a(lib_a-findfp.o)
                0x000000000800cbcc                __sf_fake_stdout
 *fill*         0x000000000800cbec        0x4 
 .rodata.__mprec_bigtens
                0x000000000800cbf0       0x28 c:/st/stm32cubeide_1.3.0/stm32cubeide/plugins/com.st.stm32cube.ide.mcu.externaltools.gnu-tools-for-stm32.7-2018-q2-update.win32_1.0.0.201904181610/tools/bin/../lib/gcc/arm-none-eabi/7.3.1/../../../../arm-none-eabi/lib/thumb/v7e-m/fpv4-sp/hard\libc_nano.a(lib_a-mprec.o)
                0x000000000800cbf0                __mprec_bigtens
 .rodata.__mprec_tens
                0x000000000800cc18       0xc8 c:/st/stm32cubeide_1.3.0/stm32cubeide/plugins/com.st.stm32cube.ide.mcu.externaltools.gnu-tools-for-stm32.7-2018-q2-update.win32_1.0.0.201904181610/tools/bin/../lib/gcc/arm-none-eabi/7.3.1/../../../../arm-none-eabi/lib/thumb/v7e-m/fpv4-sp/hard\libc_nano.a(lib_a-mprec.o)
                0x000000000800cc18                __mprec_tens
 .rodata.p05.7359
                0x000000000800cce0        0xc c:/st/stm32cubeide_1.3.0/stm32cubeide/plugins/com.st.stm32cube.ide.mcu.externaltools.gnu-tools-for-stm32.7-2018-q2-update.win32_1.0.0.201904181610/tools/bin/../lib/gcc/arm-none-eabi/7.3.1/../../../../arm-none-eabi/lib/thumb/v7e-m/fpv4-sp/hard\libc_nano.a(lib_a-mprec.o)
 .rodata._svfprintf_r.str1.1
                0x000000000800ccec       0x11 c:/st/stm32cubeide_1.3.0/stm32cubeide/plugins/com.st.stm32cube.ide.mcu.externaltools.gnu-tools-for-stm32.7-2018-q2-update.win32_1.0.0.201904181610/tools/bin/../lib/gcc/arm-none-eabi/7.3.1/../../../../arm-none-eabi/lib/thumb/v7e-m/fpv4-sp/hard\libc_nano.a(lib_a-nano-svfprintf.o)
 .rodata._vfprintf_r.str1.1
                0x000000000800ccfd       0x11 c:/st/stm32cubeide_1.3.0/stm32cubeide/plugins/com.st.stm32cube.ide.mcu.externaltools.gnu-tools-for-stm32.7-2018-q2-update.win32_1.0.0.201904181610/tools/bin/../lib/gcc/arm-none-eabi/7.3.1/../../../../arm-none-eabi/lib/thumb/v7e-m/fpv4-sp/hard\libc_nano.a(lib_a-nano-vfprintf.o)
 .rodata._setlocale_r.str1.1
                0x000000000800ccfd        0x8 c:/st/stm32cubeide_1.3.0/stm32cubeide/plugins/com.st.stm32cube.ide.mcu.externaltools.gnu-tools-for-stm32.7-2018-q2-update.win32_1.0.0.201904181610/tools/bin/../lib/gcc/arm-none-eabi/7.3.1/../../../../arm-none-eabi/lib/thumb/v7e-m/fpv4-sp/hard\libc_nano.a(lib_a-locale.o)
                                          0x9 (size before relaxing)
 .rodata.str1.1
                0x000000000800cd05        0x2 c:/st/stm32cubeide_1.3.0/stm32cubeide/plugins/com.st.stm32cube.ide.mcu.externaltools.gnu-tools-for-stm32.7-2018-q2-update.win32_1.0.0.201904181610/tools/bin/../lib/gcc/arm-none-eabi/7.3.1/../../../../arm-none-eabi/lib/thumb/v7e-m/fpv4-sp/hard\libc_nano.a(lib_a-locale.o)
 .rodata._ctype_
                0x000000000800cd07      0x101 c:/st/stm32cubeide_1.3.0/stm32cubeide/plugins/com.st.stm32cube.ide.mcu.externaltools.gnu-tools-for-stm32.7-2018-q2-update.win32_1.0.0.201904181610/tools/bin/../lib/gcc/arm-none-eabi/7.3.1/../../../../arm-none-eabi/lib/thumb/v7e-m/fpv4-sp/hard\libc_nano.a(lib_a-ctype_.o)
                0x000000000800cd07                _ctype_
                0x000000000800ce08                . = ALIGN (0x4)

.ARM.extab      0x000000000800ce08        0x0
                0x000000000800ce08                . = ALIGN (0x4)
 *(.ARM.extab* .gnu.linkonce.armextab.*)
                0x000000000800ce08                . = ALIGN (0x4)

.ARM            0x000000000800ce08        0x8
                0x000000000800ce08                . = ALIGN (0x4)
                0x000000000800ce08                __exidx_start = .
 *(.ARM.exidx*)
 .ARM.exidx     0x000000000800ce08        0x8 c:/st/stm32cubeide_1.3.0/stm32cubeide/plugins/com.st.stm32cube.ide.mcu.externaltools.gnu-tools-for-stm32.7-2018-q2-update.win32_1.0.0.201904181610/tools/bin/../lib/gcc/arm-none-eabi/7.3.1/thumb/v7e-m/fpv4-sp/hard\libgcc.a(_udivmoddi4.o)
                0x000000000800ce10                __exidx_end = .
                0x000000000800ce10                . = ALIGN (0x4)

.rel.dyn        0x000000000800ce10        0x0
 .rel.iplt      0x000000000800ce10        0x0 c:/st/stm32cubeide_1.3.0/stm32cubeide/plugins/com.st.stm32cube.ide.mcu.externaltools.gnu-tools-for-stm32.7-2018-q2-update.win32_1.0.0.201904181610/tools/bin/../lib/gcc/arm-none-eabi/7.3.1/thumb/v7e-m/fpv4-sp/hard/crtbegin.o

.preinit_array  0x000000000800ce10        0x0
                0x000000000800ce10                . = ALIGN (0x4)
                0x000000000800ce10                PROVIDE (__preinit_array_start = .)
 *(.preinit_array*)
                0x000000000800ce10                PROVIDE (__preinit_array_end = .)
                0x000000000800ce10                . = ALIGN (0x4)

.init_array     0x000000000800ce10        0x4
                0x000000000800ce10                . = ALIGN (0x4)
                0x000000000800ce10                PROVIDE (__init_array_start = .)
 *(SORT_BY_NAME(.init_array.*))
 *(.init_array*)
 .init_array    0x000000000800ce10        0x4 c:/st/stm32cubeide_1.3.0/stm32cubeide/plugins/com.st.stm32cube.ide.mcu.externaltools.gnu-tools-for-stm32.7-2018-q2-update.win32_1.0.0.201904181610/tools/bin/../lib/gcc/arm-none-eabi/7.3.1/thumb/v7e-m/fpv4-sp/hard/crtbegin.o
                0x000000000800ce14                PROVIDE (__init_array_end = .)
                0x000000000800ce14                . = ALIGN (0x4)

.fini_array     0x000000000800ce14        0x4
                0x000000000800ce14                . = ALIGN (0x4)
                [!provide]                        PROVIDE (__fini_array_start = .)
 *(SORT_BY_NAME(.fini_array.*))
 *(.fini_array*)
 .fini_array    0x000000000800ce14        0x4 c:/st/stm32cubeide_1.3.0/stm32cubeide/plugins/com.st.stm32cube.ide.mcu.externaltools.gnu-tools-for-stm32.7-2018-q2-update.win32_1.0.0.201904181610/tools/bin/../lib/gcc/arm-none-eabi/7.3.1/thumb/v7e-m/fpv4-sp/hard/crtbegin.o
                [!provide]                        PROVIDE (__fini_array_end = .)
                0x000000000800ce18                . = ALIGN (0x4)
                0x000000000800ce18                _sidata = LOADADDR (.data)

.data           0x0000000020000000      0x200 load address 0x000000000800ce18
                0x0000000020000000                . = ALIGN (0x4)
                0x0000000020000000                _sdata = .
 *(.data)
 *(.data*)
 .data.SystemCoreClock
                0x0000000020000000        0x4 Core/Src/system_stm32f4xx.o
                0x0000000020000000                SystemCoreClock
 .data.base_speed
                0x0000000020000004        0x4 Core/Src/user/control.o
                0x0000000020000004                base_speed
 .data.Kp       0x0000000020000008        0x4 Core/Src/user/control.o
                0x0000000020000008                Kp
 .data.kp_test  0x000000002000000c        0x4 Core/Src/user/oled.o
                0x000000002000000c                kp_test
 .data.ki_test  0x0000000020000010        0x4 Core/Src/user/oled.o
                0x0000000020000010                ki_test
 .data.Font_7x10
                0x0000000020000014        0x8 Core/Src/user/ssd1306_fonts.o
                0x0000000020000014                Font_7x10
 .data.Font_11x18
                0x000000002000001c        0x8 Core/Src/user/ssd1306_fonts.o
                0x000000002000001c                Font_11x18
 .data.nr_indices
                0x0000000020000024        0x1 Core/Src/user/voltmeter.o
                0x0000000020000024                nr_indices
 *fill*         0x0000000020000025        0x3 
 .data.uwTickPrio
                0x0000000020000028        0x4 Drivers/STM32F4xx_HAL_Driver/Src/stm32f4xx_hal.o
                0x0000000020000028                uwTickPrio
 .data.uwTickFreq
                0x000000002000002c        0x1 Drivers/STM32F4xx_HAL_Driver/Src/stm32f4xx_hal.o
                0x000000002000002c                uwTickFreq
 *fill*         0x000000002000002d        0x3 
 .data._impure_ptr
                0x0000000020000030        0x4 c:/st/stm32cubeide_1.3.0/stm32cubeide/plugins/com.st.stm32cube.ide.mcu.externaltools.gnu-tools-for-stm32.7-2018-q2-update.win32_1.0.0.201904181610/tools/bin/../lib/gcc/arm-none-eabi/7.3.1/../../../../arm-none-eabi/lib/thumb/v7e-m/fpv4-sp/hard\libc_nano.a(lib_a-impure.o)
                0x0000000020000030                _impure_ptr
 .data.impure_data
                0x0000000020000034       0x60 c:/st/stm32cubeide_1.3.0/stm32cubeide/plugins/com.st.stm32cube.ide.mcu.externaltools.gnu-tools-for-stm32.7-2018-q2-update.win32_1.0.0.201904181610/tools/bin/../lib/gcc/arm-none-eabi/7.3.1/../../../../arm-none-eabi/lib/thumb/v7e-m/fpv4-sp/hard\libc_nano.a(lib_a-impure.o)
 .data.__global_locale
                0x0000000020000094      0x16c c:/st/stm32cubeide_1.3.0/stm32cubeide/plugins/com.st.stm32cube.ide.mcu.externaltools.gnu-tools-for-stm32.7-2018-q2-update.win32_1.0.0.201904181610/tools/bin/../lib/gcc/arm-none-eabi/7.3.1/../../../../arm-none-eabi/lib/thumb/v7e-m/fpv4-sp/hard\libc_nano.a(lib_a-locale.o)
                0x0000000020000094                __global_locale
                0x0000000020000200                . = ALIGN (0x4)
                0x0000000020000200                _edata = .

.igot.plt       0x0000000020000200        0x0 load address 0x000000000800d018
 .igot.plt      0x0000000020000200        0x0 c:/st/stm32cubeide_1.3.0/stm32cubeide/plugins/com.st.stm32cube.ide.mcu.externaltools.gnu-tools-for-stm32.7-2018-q2-update.win32_1.0.0.201904181610/tools/bin/../lib/gcc/arm-none-eabi/7.3.1/thumb/v7e-m/fpv4-sp/hard/crtbegin.o
                0x0000000020000200                . = ALIGN (0x4)

.bss            0x0000000020000200      0x9ec load address 0x000000000800d018
                0x0000000020000200                _sbss = .
                0x0000000020000200                __bss_start__ = _sbss
 *(.bss)
 .bss           0x0000000020000200       0x1c c:/st/stm32cubeide_1.3.0/stm32cubeide/plugins/com.st.stm32cube.ide.mcu.externaltools.gnu-tools-for-stm32.7-2018-q2-update.win32_1.0.0.201904181610/tools/bin/../lib/gcc/arm-none-eabi/7.3.1/thumb/v7e-m/fpv4-sp/hard/crtbegin.o
 *(.bss*)
 .bss.checking  0x000000002000021c        0x4 Core/Src/stm32f4xx_it.o
                0x000000002000021c                checking
 .bss.counter   0x0000000020000220        0x4 Core/Src/stm32f4xx_it.o
                0x0000000020000220                counter
 .bss.heap_end.6424
                0x0000000020000224        0x4 Core/Src/sysmem.o
 .bss.control_loop_enabled
                0x0000000020000228        0x4 Core/Src/user/control.o
                0x0000000020000228                control_loop_enabled
 .bss.button_pressed_flag
                0x000000002000022c        0x4 Core/Src/user/oled.o
                0x000000002000022c                button_pressed_flag
 .bss.go_back_main_flag
                0x0000000020000230        0x4 Core/Src/user/oled.o
                0x0000000020000230                go_back_main_flag
 .bss.cursor    0x0000000020000234        0x1 Core/Src/user/oled.o
                0x0000000020000234                cursor
 *fill*         0x0000000020000235        0x3 
 .bss.curr_submenu
                0x0000000020000238        0x4 Core/Src/user/oled.o
                0x0000000020000238                curr_submenu
 .bss.prev_submenu
                0x000000002000023c        0x4 Core/Src/user/oled.o
                0x000000002000023c                prev_submenu
 .bss.SSD1306_Buffer
                0x0000000020000240      0x400 Core/Src/user/ssd1306.o
 .bss.SSD1306   0x0000000020000640        0x6 Core/Src/user/ssd1306.o
 *fill*         0x0000000020000646        0x2 
 .bss.last_value.9389
                0x0000000020000648        0x4 Core/Src/user/xline.o
 .bss.__malloc_free_list
                0x000000002000064c        0x4 c:/st/stm32cubeide_1.3.0/stm32cubeide/plugins/com.st.stm32cube.ide.mcu.externaltools.gnu-tools-for-stm32.7-2018-q2-update.win32_1.0.0.201904181610/tools/bin/../lib/gcc/arm-none-eabi/7.3.1/../../../../arm-none-eabi/lib/thumb/v7e-m/fpv4-sp/hard\libc_nano.a(lib_a-nano-mallocr.o)
                0x000000002000064c                __malloc_free_list
 .bss.__malloc_sbrk_start